./AUDIT_LEDGER.md: OK
./NOVELTY_REPORT.md: OK
./README.md: OK
./VERIFICATION_REPORT_v0_2.md: OK
./checks/executed_checks_v02.json: OK
./checks/executed_checks_v02_full.json: OK
./claims_v0_2.json: OK
./code/audit_amplification.py: OK
./code/audit_flow_witness.py: OK
./code/audit_word_and_core.py: OK
./code/bb_tools.py: OK
./code/c32.py: OK
./code/certify_v02.py: OK
./code/crosscheck_manuscript.py: OK
./code/explicit_q09.py: OK
./code/explicit_q32.py: OK
./code/explore_qlt1.py: OK
./code/explore_qlt1_longL.py: OK
./code/explore_qlt1_map.py: OK
./code/families.py: OK
./code/families2.py: OK
./code/families3.py: OK
./code/families4.py: OK
./code/fanbound.py: OK
./code/flowsearch.py: OK
./code/qlt1_exact.py: OK
./code/qlt1_exact_map.py: OK
./code/qlt1_limit.py: OK
./code/qlt1_map_limit.py: OK
./code/run_flowsearch.py: OK
./code/scan_q32_cores.py: OK
./code/witness_table.py: OK
./data/amplification_audit.json: OK
./data/explicit_q09_L21.json: OK
./data/explicit_q32_L19.json: OK
./data/explicit_q32_L20.json: OK
./data/explore_qlt1.json: OK
./data/explore_qlt1_longL.json: OK
./data/explore_qlt1_map_19o20_17o20_4o5_x1.json: OK
./data/explore_qlt1_map_7o10_3o5_1o2_x1.json: OK
./data/explore_qlt1_map_9o10_4o5_7o10_x3.json: OK
./data/families2.json: OK
./data/families4_30_32_36_40.json: OK
./data/families_scan.json: OK
./data/fanbound_test.json: OK
./data/flow_witness_audit.json: OK
./data/flowsearch_A.json: OK
./data/flowsearch_B.json: OK
./data/qlt1_exact_map.json: OK
./data/qlt1_limit_map.json: OK
./data/scan_q32_cores.json: OK
./data/v01_skeleton.json: OK
./data/witness_C32.json: OK
./data/witnesses_above2.json: OK
./data/word_core_audit.json: OK
./logs/audit_amplification.log: OK
./logs/audit_flow_witness.log: OK
./logs/audit_word_and_core.log: OK
./logs/certify_v02.log: OK
./logs/certify_v02_full.log: OK
./logs/crosscheck_manuscript.log: OK
./logs/explicit_q09_L21.log: OK
./logs/explicit_q32.log: OK
./logs/explicit_q32_L19.log: OK
./logs/explicit_q32_L20.log: OK
./logs/explore_qlt1.log: OK
./logs/explore_qlt1_longL.log: OK
./logs/families2.log: OK
./logs/families3.log: OK
./logs/families4_a.log: OK
./logs/families4_b.log: OK
./logs/families_scan.log: OK
./logs/fanbound_test.log: OK
./logs/flowsearch_A.log: OK
./logs/flowsearch_B.log: OK
./logs/qlt1_exact_map.log: OK
./logs/qlt1_limit_check.log: OK
./logs/qlt1_limit_map.log: OK
./logs/qlt1_limit_words.log: OK
./logs/qlt1_map_a.log: OK
./logs/qlt1_map_b.log: OK
./logs/qlt1_map_c.log: OK
./logs/run_all_v01.log: OK
./logs/scan_q32_cores.log: OK
./logs/witness_C32.log: OK
./logs/witness_table.log: OK
./paper/manuscript_v0_2.md: OK
./paper/manuscript_v0_2.pdf: OK
./provenance_v0_2.json: OK
./stop_receipt_v0_2.json: OK
./v0_1/README.md: OK
./v0_1/VERIFICATION_REPORT.md: OK
./v0_1/certificates/flow_verification.json: OK
./v0_1/certificates/flow_witness.json: OK
./v0_1/certificates/q_21_10_bound.json: OK
./v0_1/certificates/q_3_2_core.json: OK
./v0_1/certificates/word_verification.json: OK
./v0_1/checks/executed_checks.json: OK
./v0_1/claims.json: OK
./v0_1/code/enumerate_flow.cpp: OK
./v0_1/code/generate_graph.py: OK
./v0_1/code/run_all.py: OK
./v0_1/code/verify_asymptotic.py: OK
./v0_1/code/verify_core.py: OK
./v0_1/code/verify_flow.py: OK
./v0_1/code/verify_words.py: OK
./v0_1/graphs/q_21_10_recipe.json: OK
./v0_1/graphs/q_3_2_base.edges: OK
./v0_1/graphs/q_3_2_recipe.json: OK
./v0_1/paper/manuscript.pdf: OK
./v0_1/paper/manuscript.tex: OK
./v0_1/provenance.json: OK
./v0_1/stop_receipt.json: OK
