{
  "status": "PASS",
  "all_exact_checks_passed": true,
  "full_parameter_classification_completed": false,
  "external_peer_review_completed": false,
  "formal_proof_assistant_verification": false,
  "proof_depends_on_floating_point": false,
  "python": "3.14.7",
  "platform": "macOS-27.0-arm64-arm-64bit-Mach-O",
  "checks": [
    {
      "check": "verify_words.py",
      "status": "PASS",
      "seconds": 0.12971901893615723
    },
    {
      "check": "verify_flow.py",
      "status": "PASS",
      "seconds": 1.5660266876220703
    },
    {
      "check": "verify_core.py",
      "status": "PASS",
      "seconds": 1.194654941558838
    },
    {
      "check": "verify_asymptotic.py",
      "status": "PASS",
      "seconds": 0.12659406661987305
    },
    {
      "check": "ALR_A1_literal_counterexample",
      "status": "PASS",
      "common_edges": 0,
      "single_edge_probability": "1/3",
      "triangle_marginal_probability": "5/14"
    },
    {
      "check": "shipped_small_graph_matches_recipe_and_is_connected_simple",
      "status": "PASS",
      "vertices": 28354,
      "edges": 28602,
      "sha256": "0481c4c047ae2e03e84e400d84aec282fac93e66fa6e01b4a018428715f7e241"
    }
  ],
  "elapsed_seconds": 3.071591854095459
}

STDERR:
