word identity: 22 random-point checks passed (11 words, incl. loops/repeats)
own core DP == brute force on 5 tiny instances
own DP (ABC)^4, L=20, q=3/2, x=1: sign negative ; equals v0.1 stored value: True (6.0s)
word [0, 1, 2, 0, 1, 2] q 3/2 x 1 limit 0.94921875
   L=  1  N^T/a_L^m = 0.378857463  sign +1  (0.2s)
   L=  2  N^T/a_L^m = 0.532715178  sign +1  (0.3s)
   L=  4  N^T/a_L^m = 0.887663326  sign +1  (0.4s)
   L=  8  N^T/a_L^m = 1.505545830  sign +1  (0.8s)
   L= 12  N^T/a_L^m = 1.690053592  sign +1  (1.2s)
   L= 16  N^T/a_L^m = 1.579605120  sign +1  (1.7s)
   L= 20  N^T/a_L^m = 1.394163935  sign +1  (2.1s)
word [0, 1, 2, 0, 1, 2, 0, 1, 2, 0, 1, 2] q 3/2 x 1 limit -1.05303955078125
   L=  1  N^T/a_L^m = 0.010782473  sign +1  (0.4s)
   L=  2  N^T/a_L^m = 0.021178594  sign +1  (0.7s)
   L=  4  N^T/a_L^m = 0.061260227  sign +1  (1.1s)
   L=  8  N^T/a_L^m = 0.205153100  sign +1  (2.2s)
   L= 12  N^T/a_L^m = 0.298467465  sign +1  (3.3s)
   L= 16  N^T/a_L^m = 0.176069343  sign +1  (4.7s)
   L= 20  N^T/a_L^m = -0.106612339  sign -1  (6.0s)
   L= 24  N^T/a_L^m = -0.405024069  sign -1  (7.5s)
word [0, 1, 2, 0, 1, 2] q 21/10 x 1 limit 49.45846311
   L=  1  N^T/a_L^m = 59.805295072  sign +1  (0.1s)
   L=  2  N^T/a_L^m = 56.806999284  sign +1  (0.2s)
   L=  4  N^T/a_L^m = 53.066941148  sign +1  (0.5s)
   L=  8  N^T/a_L^m = 50.210852594  sign +1  (0.9s)
   L= 12  N^T/a_L^m = 49.619123827  sign +1  (1.5s)
   L= 16  N^T/a_L^m = 49.499563079  sign +1  (2.0s)
word [0, 1, 2, 0, 1, 2] q 3/2 x 1/3 limit 0.94921875
   L=  1  N^T/a_L^m = 0.254751108  sign +1  (0.2s)
   L=  2  N^T/a_L^m = 0.331515171  sign +1  (0.3s)
   L=  4  N^T/a_L^m = 0.506601181  sign +1  (0.5s)
   L=  8  N^T/a_L^m = 0.933750818  sign +1  (0.9s)
   L= 12  N^T/a_L^m = 1.344364076  sign +1  (1.5s)
word [0, 1, 0, 2, 1, 3, 2, 3] q 3/2 x 1 limit 7.8310546875
   L=  1  N^T/a_L^m = 0.206139107  sign +1  (0.5s)
   L=  2  N^T/a_L^m = 0.321861007  sign +1  (0.8s)
   L=  4  N^T/a_L^m = 0.622798799  sign +1  (1.6s)
   L=  6  N^T/a_L^m = 1.034345131  sign +1  (2.3s)
   L=  8  N^T/a_L^m = 1.573970496  sign +1  (3.1s)
elapsed 64.13618183135986
