word len  6 q=3/10 x=1/4 signs(L=1..8): [1, 1, 1, 1, 1, 1, 1, 1] (7s)
word len  6 q=3/10 x=1/2 signs(L=1..8): [1, 1, 1, 1, 1, 1, 1, 1] (13s)
word len  6 q=3/10 x=1 signs(L=1..8): [1, 1, 1, 1, 1, 1, 1, 1] (20s)
word len  6 q=3/10 x=2 signs(L=1..8): [1, 1, 1, 1, 1, 1, 1, 1] (26s)
word len  6 q=3/10 x=4 signs(L=1..8): [1, 1, 1, 1, 1, 1, 1, 1] (32s)
word len  6 q=1/2 x=1/4 signs(L=1..8): [1, 1, 1, 1, 1, 1, 1, 1] (38s)
word len  6 q=1/2 x=1/2 signs(L=1..8): [1, 1, 1, 1, 1, 1, 1, 1] (44s)
word len  6 q=1/2 x=1 signs(L=1..8): [1, 1, 1, 1, 1, 1, 1, 1] (49s)
word len  6 q=1/2 x=2 signs(L=1..8): [1, 1, 1, 1, 1, 1, 1, 1] (55s)
word len  6 q=1/2 x=4 signs(L=1..8): [1, 1, 1, 1, 1, 1, 1, 1] (61s)
word len  6 q=7/10 x=1/4 signs(L=1..8): [1, 1, 1, 1, 1, 1, 1, 1] (68s)
word len  6 q=7/10 x=1/2 signs(L=1..8): [1, 1, 1, 1, 1, 1, 1, 1] (74s)
word len  6 q=7/10 x=1 signs(L=1..8): [1, 1, 1, 1, 1, 1, 1, 1] (80s)
word len  6 q=7/10 x=2 signs(L=1..8): [1, 1, 1, 1, 1, 1, 1, 1] (86s)
word len  6 q=7/10 x=4 signs(L=1..8): [1, 1, 1, 1, 1, 1, 1, 1] (92s)
word len  6 q=9/10 x=1/4 signs(L=1..8): [1, 1, 1, 1, 1, 1, 1, 1] (99s)
word len  6 q=9/10 x=1/2 signs(L=1..8): [1, 1, 1, 1, 1, 1, 1, 1] (106s)
word len  6 q=9/10 x=1 signs(L=1..8): [1, 1, 1, 1, 1, 1, 1, 1] (112s)
word len  6 q=9/10 x=2 signs(L=1..8): [1, 1, 1, 1, 1, 1, 1, 1] (118s)
word len  6 q=9/10 x=4 signs(L=1..8): [1, 1, 1, 1, 1, 1, 1, 1] (124s)
word len 12 q=3/10 x=1/4 signs(L=1..8): [1, 1, 1, 1, 1, 1, 1, 1] (144s)
word len 12 q=3/10 x=1/2 signs(L=1..8): [1, 1, 1, 1, 1, 1, 1, 1] (162s)
word len 12 q=3/10 x=1 signs(L=1..8): [1, 1, 1, 1, 1, 1, 1, 1] (179s)
word len 12 q=3/10 x=2 signs(L=1..8): [1, 1, 1, 1, 1, 1, 1, 1] (197s)
word len 12 q=3/10 x=4 signs(L=1..8): [1, 1, 1, 1, 1, 1, 1, 1] (215s)
word len 12 q=1/2 x=1/4 signs(L=1..8): [1, 1, 1, 1, 1, 1, 1, 1] (233s)
word len 12 q=1/2 x=1/2 signs(L=1..8): [1, 1, 1, 1, 1, 1, 1, 1] (249s)
word len 12 q=1/2 x=1 signs(L=1..8): [1, 1, 1, 1, 1, 1, 1, 1] (264s)
word len 12 q=1/2 x=2 signs(L=1..8): [1, 1, 1, 1, 1, 1, 1, 1] (279s)
word len 12 q=1/2 x=4 signs(L=1..8): [1, 1, 1, 1, 1, 1, 1, 1] (294s)
word len 12 q=7/10 x=1/4 signs(L=1..8): [1, 1, 1, 1, 1, 1, 1, 1] (314s)
word len 12 q=7/10 x=1/2 signs(L=1..8): [1, 1, 1, 1, 1, 1, 1, 1] (332s)
word len 12 q=7/10 x=1 signs(L=1..8): [1, 1, 1, 1, 1, 1, 1, 1] (349s)
word len 12 q=7/10 x=2 signs(L=1..8): [1, 1, 1, 1, 1, 1, 1, 1] (367s)
word len 12 q=7/10 x=4 signs(L=1..8): [1, 1, 1, 1, 1, 1, 1, 1] (385s)
word len 12 q=9/10 x=1/4 signs(L=1..8): [1, 1, 1, 1, 1, 1, 1, 1] (405s)
word len 12 q=9/10 x=1/2 signs(L=1..8): [1, 1, 1, 1, 1, 1, 1, 1] (423s)
word len 12 q=9/10 x=1 signs(L=1..8): [1, 1, 1, 1, 1, 1, 1, 1] (439s)
word len 12 q=9/10 x=2 signs(L=1..8): [1, 1, 1, 1, 1, 1, 1, 1] (457s)
word len 12 q=9/10 x=4 signs(L=1..8): [1, 1, 1, 1, 1, 1, 1, 1] (475s)
