K4,6                   n=10 m= 24  neg: [(2.01252, 2.3562)]  roots>2: [2.01252, 2.3562] (0.3s)
K4,8                   n=12 m= 32  neg: [(2.00124, 2.45834)]  roots>2: [2.00124, 2.45834] (0.8s)
K4,10                  n=14 m= 40  neg: [(2.00014, 2.50114)]  roots>2: [2.00014, 2.50114] (1.6s)
K4,12                  n=16 m= 48  neg: [(2.00002, 2.52162)]  roots>2: [2.00002, 2.52162] (3.3s)
K4,14                  n=18 m= 56  neg: [(2.0, 2.53269)]  roots>2: [2.0, 2.53269] (7.6s)
K4,16                  n=20 m= 64  neg: [(2.0, 2.53945)]  roots>2: [2.0, 2.53945] (17.5s)
K4,20                  n=24 m= 80  neg: [(2.0, 2.5474)]  roots>2: [2.0, 2.5474] (69.7s)
K6,6                   n=12 m= 36  neg: [(2.00037, 2.4684)]  roots>2: [2.00037, 2.4684] (1.1s)
K6,8                   n=14 m= 48  neg: [(2.00001, 2.49493)]  roots>2: [2.00001, 2.49493] (5.8s)
K6,10                  n=16 m= 60  neg: [(2.0, 2.50034)]  roots>2: [2.0, 2.50034] (22.3s)
K6,12                  n=18 m= 72  neg: [(2.0, 2.50014)]  roots>2: [2.0, 2.50014] (67.1s)
K8,8                   n=16 m= 64  neg: [(2.0, 2.48687)]  roots>2: [2.0, 2.48687] (33.5s)
K8,10                  n=18 m= 80  neg: [(2.0, 2.47457)]  roots>2: [2.0, 2.47457] (196.4s)
C14(1,3)               n=14 m= 28  neg: [(2.00363, 2.45281)]  roots>2: [2.00363, 2.45281] (0.4s)
C16(1,3)               n=16 m= 32  neg: [(2.00142, 2.47926)]  roots>2: [2.00142, 2.47926] (0.5s)
C18(1,3)               n=18 m= 36  neg: [(2.00052, 2.50863)]  roots>2: [2.00052, 2.50863] (0.8s)
C20(1,3)               n=20 m= 40  neg: [(2.0002, 2.5321)]  roots>2: [2.0002, 2.5321] (1.1s)
C24(1,3)               n=24 m= 48  neg: [(2.00003, 2.55371)]  roots>2: [2.00003, 2.55371] (2.3s)
C28(1,3)               n=28 m= 56  neg: [(2.00001, 2.56767)]  roots>2: [2.00001, 2.56767] (4.6s)
C14(2,3)               n=14 m= 28  neg: [(2.00213, 2.51348)]  roots>2: [2.00213, 2.51348] (0.4s)
C16(2,3)               n=16 m= 32  neg: [(2.00061, 2.5656)]  roots>2: [2.00061, 2.5656] (0.5s)
C18(2,3)               n=18 m= 36  neg: [(2.00019, 2.59269)]  roots>2: [2.00019, 2.59269] (0.8s)
C20(2,3)               n=20 m= 40  neg: [(2.00006, 2.61198)]  roots>2: [2.00006, 2.61198] (1.1s)
C16(1,5)               n=16 m= 32  neg: [(2.00142, 2.47926)]  roots>2: [2.00142, 2.47926] (1.7s)
C18(1,5)               n=18 m= 36  neg: [(2.00013, 2.63539)]  roots>2: [2.00013, 2.63539] (3.8s)
C20(1,5)               n=20 m= 40  neg: [(2.00006, 2.61865)]  roots>2: [2.00006, 2.61865] (7.1s)
