wheel W3 doubled spokes                  n= 4 m=  9  negative on grid: None  (0.1s)
wheel W4 doubled spokes                  n= 5 m= 12  negative on grid: None  (0.1s)
wheel W5 doubled spokes                  n= 6 m= 15  negative on grid: None  (0.1s)
wheel W6 doubled spokes                  n= 7 m= 18  negative on grid: None  (0.1s)
wheel W7 doubled spokes                  n= 8 m= 21  negative on grid: None  (0.2s)
wheel W8 doubled spokes                  n= 9 m= 24  negative on grid: None  (0.2s)
wheel W9 doubled spokes                  n=10 m= 27  negative on grid: None  (0.2s)
wheel W3 tripled spokes doubled rim      n= 4 m= 15  negative on grid: None  (0.1s)
wheel W4 tripled spokes doubled rim      n= 5 m= 20  negative on grid: None  (0.2s)
wheel W5 tripled spokes doubled rim      n= 6 m= 25  negative on grid: None  (0.2s)
wheel W6 tripled spokes doubled rim      n= 7 m= 30  negative on grid: None  (0.3s)
wheel W7 tripled spokes doubled rim      n= 8 m= 35  negative on grid: None  (0.3s)
antiprism A3                             n= 6 m= 12  negative on grid: None  (0.1s)
antiprism A4                             n= 8 m= 16  negative on grid: None  (0.1s)
antiprism A5                             n=10 m= 20  negative on grid: None  (0.1s)
antiprism A6                             n=12 m= 24  negative on grid: None  (0.1s)
antiprism A7                             n=14 m= 28  negative on grid: None  (0.2s)
antiprism A8                             n=16 m= 32  negative on grid: None  (0.2s)
K5                                       n= 5 m= 10  negative on grid: None  (0.1s)
K7                                       n= 7 m= 21  negative on grid: None  (0.2s)
K2,2                                     n= 4 m=  4  negative on grid: None  (0.0s)
K2,4                                     n= 6 m=  8  negative on grid: None  (0.0s)
K4,4                                     n= 8 m= 16  negative on grid: None  (0.1s)
K2,6                                     n= 8 m= 12  negative on grid: None  (0.1s)
K4,6                                     n=10 m= 24  negative on grid: (2.0139999999999985, 2.355999999999961, 172)  (0.2s)
circulant C8(1, 2)                       n= 8 m= 16  negative on grid: None  (0.1s)
circulant C8(1, 3)                       n= 8 m= 16  negative on grid: None  (0.1s)
circulant C9(1, 2)                       n= 9 m= 18  negative on grid: None  (0.1s)
circulant C9(1, 3)                       n= 9 m= 18  negative on grid: None  (0.1s)
circulant C9(1, 4)                       n= 9 m= 18  negative on grid: None  (0.1s)
circulant C10(1, 2)                      n=10 m= 20  negative on grid: None  (0.1s)
circulant C10(1, 3)                      n=10 m= 20  negative on grid: (2.0779999999999914, 2.17999999999998, 52)  (0.1s)
circulant C10(1, 4)                      n=10 m= 20  negative on grid: (2.0419999999999954, 2.2879999999999683, 124)  (0.1s)
circulant C10(2, 3)                      n=10 m= 20  negative on grid: (2.0419999999999954, 2.2879999999999683, 124)  (0.1s)
circulant C11(1, 2)                      n=11 m= 22  negative on grid: None  (0.1s)
circulant C11(1, 3)                      n=11 m= 22  negative on grid: None  (0.2s)
circulant C11(1, 4)                      n=11 m= 22  negative on grid: None  (0.2s)
circulant C11(1, 5)                      n=11 m= 22  negative on grid: None  (0.2s)
circulant C12(1, 2)                      n=12 m= 24  negative on grid: None  (0.2s)
circulant C12(1, 3)                      n=12 m= 24  negative on grid: (2.0159999999999982, 2.3479999999999617, 167)  (0.2s)
circulant C12(1, 4)                      n=12 m= 24  negative on grid: (2.0219999999999976, 2.291999999999968, 136)  (0.2s)
circulant C12(1, 5)                      n=12 m= 24  negative on grid: (2.0119999999999987, 2.4119999999999546, 201)  (0.2s)
circulant C12(2, 3)                      n=12 m= 24  negative on grid: (2.009999999999999, 2.4299999999999526, 211)  (0.2s)
circulant C12(2, 5)                      n=12 m= 24  negative on grid: None  (0.2s)
circulant C12(3, 4)                      n=12 m= 24  negative on grid: (2.043999999999995, 2.18199999999998, 70)  (0.3s)
circulant C13(1, 5)                      n=13 m= 26  negative on grid: None  (0.4s)
circulant C13(2, 3)                      n=13 m= 26  negative on grid: None  (0.2s)
circulant C14(1, 3)                      n=14 m= 28  negative on grid: (2.0039999999999996, 2.45199999999995, 225)  (0.2s)
circulant C14(1, 5)                      n=14 m= 28  negative on grid: (2.0039999999999996, 2.45199999999995, 225)  (0.5s)
