C16(2,3)                   n=16 m= 32  neg>2: [(2.0006, 2.5656)] (0.4s)
C20(2,3)                   n=20 m= 40  neg>2: [(2.0001, 2.612)] (0.9s)
C24(2,3)                   n=24 m= 48  neg>2: [(2.0, 2.6377)] (1.9s)
C28(2,3)                   n=28 m= 56  neg>2: [(2.0, 2.6529)] (3.8s)
C32(2,3)                   n=32 m= 64  neg>2: [(2.0, 2.6632)] (7.4s)
C20(1,5)                   n=20 m= 40  neg>2: [(2.0001, 2.6187)] (6.8s)
C22(1,5)                   n=22 m= 44  neg>2: [(2.0, 2.6822)] (11.0s)
C24(1,5)                   n=24 m= 48  neg>2: [(2.0, 2.7079)] (16.8s)
C26(1,5)                   n=26 m= 52  neg>2: [(2.0, 2.7156)] (23.0s)
C28(1,5)                   n=28 m= 56  neg>2: [(2.0, 2.7451)] (30.9s)
C16(2,5)                   n=16 m= 32  neg>2: [(2.0006, 2.5656)] (2.0s)
C16(3,4)                   n=16 m= 32  neg>2: [(2.0007, 2.5331)] (0.9s)
C16(1,7)                   n=16 m= 32  neg>2: [(2.0016, 2.5178)] (1.5s)
C16(3,5)                   n=16 m= 32  neg>2: [(2.0016, 2.5178)] (2.4s)
C18(2,5)                   n=18 m= 36  neg>2: [(2.0002, 2.6105)] (4.3s)
C18(3,4)                   n=18 m= 36  neg>2: [(2.0002, 2.5927)] (1.3s)
C18(1,7)                   n=18 m= 36  neg>2: [(2.0001, 2.6354)] (11.6s)
C18(3,5)                   n=18 m= 36  neg>2: [(2.0005, 2.5086)] (4.8s)
C20(2,5)                   n=20 m= 40  neg>2: [(2.0001, 2.6249)] (8.2s)
C20(3,4)                   n=20 m= 40  neg>2: [(2.0, 2.6577)] (2.0s)
C20(1,7)                   n=20 m= 40  neg>2: [(2.0002, 2.5321)] (29.3s)
C20(3,5)                   n=20 m= 40  neg>2: [(2.0001, 2.6187)] (8.6s)
C24(2,5)                   n=24 m= 48  neg>2: [(2.0, 2.704)] (19.3s)
C24(3,4)                   n=24 m= 48  neg>2: [(2.0, 2.7102)] (3.5s)
C24(1,7)                   n=24 m= 48  neg>2: [(2.0, 2.7164)] (249.3s)
C24(3,5)                   n=24 m= 48  neg>2: [(2.0, 2.715)] (13.2s)
C12(1,2,3)                 n=12 m= 36  neg>2: [(2.0039, 2.2516)] (0.8s)
C12(1,3,5)                 n=12 m= 36  neg>2: [(2.0004, 2.4684)] (0.9s)
C14(1,2,3)                 n=14 m= 42  neg>2: [(2.001, 2.2907)] (1.5s)
C14(1,3,5)                 n=14 m= 42  neg>2: [(2.0001, 2.5018)] (3.5s)
C16(1,2,3)                 n=16 m= 48  neg>2: [(2.0003, 2.3168)] (3.0s)
C16(1,3,5)                 n=16 m= 48  neg>2: [(2.0, 2.5525)] (9.4s)
C18(1,2,3)                 n=18 m= 54  neg>2: [(2.0001, 2.3363)] (5.8s)
C18(1,3,5)                 n=18 m= 54  neg>2: [(2.0, 2.596)] (18.6s)
C20(1,2,3)                 n=20 m= 60  neg>2: [(2.0, 2.3473)] (10.6s)
C20(1,3,5)                 n=20 m= 60  neg>2: [(2.0, 2.6311)] (33.2s)
torus C3xC4                n=12 m= 24  neg>2: [(2.0429, 2.1836)] (0.1s)
torus C3xC6                n=18 m= 36  neg>2: [(2.001, 2.458)] (3.7s)
torus C4xC4                n=16 m= 32  neg>2: [(2.001, 2.5027)] (0.5s)
