t=6 m=12 q0=2.05 restart=0: best F(q0)=1.176 word=[2, 5, 0, 3, 1, 5, 3, 4, 1, 2, 4, 0] (1s)
t=6 m=12 q0=2.05 restart=1: best F(q0)=1.176 word=[5, 0, 1, 5, 4, 3, 0, 2, 1, 4, 2, 3] (3s)
t=6 m=12 q0=2.3 restart=0: best F(q0)=3.108 word=[1, 4, 3, 2, 0, 1, 5, 4, 0, 3, 5, 2] (4s)
t=6 m=12 q0=2.3 restart=1: best F(q0)=3.108 word=[1, 4, 0, 5, 4, 3, 2, 5, 3, 1, 0, 2] (5s)
t=6 m=12 q0=2.5 restart=0: best F(q0)=6.727 word=[2, 3, 1, 2, 5, 0, 1, 4, 0, 3, 5, 4] (6s)
t=6 m=12 q0=2.5 restart=1: best F(q0)=6.727 word=[3, 5, 4, 0, 2, 5, 1, 3, 2, 4, 1, 0] (8s)
t=6 m=12 q0=2.7 restart=0: best F(q0)=13.85 word=[0, 5, 3, 2, 4, 5, 1, 2, 0, 3, 4, 1] (9s)
t=6 m=12 q0=2.7 restart=1: best F(q0)=13.85 word=[4, 2, 1, 3, 5, 1, 0, 4, 5, 0, 2, 3] (10s)
t=6 m=12 q0=2.9 restart=0: best F(q0)=27.38 word=[1, 3, 2, 4, 3, 5, 4, 0, 1, 2, 0, 5] (11s)
t=6 m=12 q0=2.9 restart=1: best F(q0)=27.38 word=[1, 3, 5, 0, 4, 3, 2, 0, 1, 5, 2, 4] (13s)
t=6 m=12 q0=3.5 restart=0: best F(q0)=174.2 word=[5, 1, 4, 5, 3, 4, 2, 3, 0, 1, 2, 0] (14s)
t=6 m=12 q0=3.5 restart=1: best F(q0)=174.2 word=[3, 2, 1, 4, 0, 3, 5, 4, 2, 0, 5, 1] (15s)
t=6 m=12 q0=4.5 restart=0: best F(q0)=2131 word=[5, 1, 2, 0, 3, 4, 0, 1, 4, 5, 2, 3] (16s)
t=6 m=12 q0=4.5 restart=1: best F(q0)=2131 word=[3, 5, 1, 3, 2, 0, 1, 2, 4, 5, 0, 4] (18s)
t=6 m=14 q0=2.05 restart=0: best F(q0)=1.24 word=[3, 5, 2, 4, 1, 3, 5, 0, 2, 3, 4, 5, 1, 0] (19s)
t=6 m=14 q0=2.05 restart=1: best F(q0)=1.24 word=[5, 0, 1, 3, 5, 4, 2, 3, 0, 4, 3, 5, 1, 2] (20s)
t=6 m=14 q0=2.3 restart=0: best F(q0)=4.318 word=[3, 4, 1, 2, 5, 3, 1, 4, 0, 2, 4, 5, 1, 0] (22s)
t=6 m=14 q0=2.3 restart=1: best F(q0)=4.318 word=[3, 2, 1, 4, 3, 0, 1, 5, 0, 4, 5, 2, 0, 1] (23s)
t=6 m=14 q0=2.5 restart=0: best F(q0)=11.67 word=[0, 4, 3, 2, 4, 1, 0, 3, 1, 5, 2, 0, 5, 4] (24s)
t=6 m=14 q0=2.5 restart=1: best F(q0)=11.67 word=[0, 5, 3, 1, 5, 3, 4, 5, 2, 1, 4, 0, 3, 2] (26s)
t=6 m=14 q0=2.7 restart=0: best F(q0)=30.45 word=[4, 2, 3, 5, 0, 1, 5, 4, 1, 3, 0, 5, 2, 0] (27s)
t=6 m=14 q0=2.7 restart=1: best F(q0)=30.45 word=[1, 2, 5, 3, 2, 5, 4, 2, 0, 5, 1, 3, 0, 4] (28s)
t=6 m=14 q0=2.9 restart=0: best F(q0)=76.73 word=[4, 0, 5, 1, 2, 4, 1, 3, 0, 2, 3, 4, 2, 5] (29s)
t=6 m=14 q0=2.9 restart=1: best F(q0)=76.73 word=[5, 1, 2, 0, 3, 5, 4, 3, 1, 4, 2, 5, 4, 0] (31s)
t=6 m=14 q0=3.5 restart=0: best F(q0)=940 word=[5, 1, 0, 4, 3, 2, 1, 4, 5, 3, 0, 2, 4, 0] (32s)
t=6 m=14 q0=3.5 restart=1: best F(q0)=940 word=[1, 2, 5, 4, 3, 0, 4, 2, 0, 1, 3, 5, 1, 4] (33s)
t=6 m=14 q0=4.5 restart=0: best F(q0)=2.473e+04 word=[0, 2, 3, 1, 5, 4, 1, 0, 4, 2, 5, 0, 3, 5] (34s)
t=6 m=14 q0=4.5 restart=1: best F(q0)=2.473e+04 word=[0, 1, 2, 3, 4, 2, 0, 2, 5, 0, 4, 1, 5, 3] (36s)
t=6 m=16 q0=2.05 restart=0: best F(q0)=1.308 word=[4, 5, 2, 4, 0, 2, 1, 5, 2, 3, 0, 5, 2, 4, 3, 1] (37s)
t=6 m=16 q0=2.05 restart=1: best F(q0)=1.307 word=[3, 5, 0, 1, 5, 2, 3, 0, 2, 1, 4, 3, 0, 4, 5, 1] (39s)
t=6 m=16 q0=2.3 restart=0: best F(q0)=6.023 word=[1, 3, 2, 5, 0, 1, 5, 4, 3, 0, 1, 4, 2, 0, 4, 2] (40s)
t=6 m=16 q0=2.3 restart=1: best F(q0)=6.023 word=[1, 5, 0, 2, 1, 4, 3, 5, 3, 2, 4, 5, 2, 1, 0, 3] (41s)
t=6 m=16 q0=2.5 restart=0: best F(q0)=20.69 word=[5, 2, 3, 5, 1, 3, 0, 1, 3, 4, 0, 2, 4, 2, 1, 4] (43s)
t=6 m=16 q0=2.5 restart=1: best F(q0)=20.69 word=[2, 0, 1, 3, 5, 2, 1, 4, 3, 0, 5, 1, 5, 4, 0, 4] (44s)
t=6 m=16 q0=2.7 restart=0: best F(q0)=69.82 word=[4, 0, 3, 2, 0, 2, 5, 1, 2, 4, 1, 4, 3, 1, 0, 5] (45s)
t=6 m=16 q0=2.7 restart=1: best F(q0)=69.82 word=[1, 5, 2, 0, 3, 1, 0, 4, 5, 0, 3, 2, 5, 3, 4, 2] (47s)
t=6 m=16 q0=2.9 restart=0: best F(q0)=226.8 word=[3, 5, 2, 0, 1, 2, 4, 0, 4, 5, 2, 3, 0, 5, 1, 4] (48s)
t=6 m=16 q0=2.9 restart=1: best F(q0)=226.8 word=[3, 0, 1, 3, 5, 2, 4, 0, 2, 0, 5, 4, 1, 2, 3, 4] (50s)
t=6 m=16 q0=3.5 restart=0: best F(q0)=5273 word=[2, 1, 3, 2, 4, 5, 3, 4, 1, 4, 0, 1, 5, 0, 3, 0] (51s)
t=6 m=16 q0=3.5 restart=1: best F(q0)=5273 word=[4, 2, 0, 1, 5, 2, 3, 1, 4, 3, 0, 5, 4, 3, 5, 0] (52s)
t=6 m=16 q0=4.5 restart=0: best F(q0)=2.903e+05 word=[3, 0, 5, 2, 0, 4, 1, 2, 4, 1, 3, 5, 1, 3, 2, 4] (54s)
t=6 m=16 q0=4.5 restart=1: best F(q0)=2.902e+05 word=[0, 1, 4, 0, 1, 3, 5, 2, 0, 3, 4, 5, 3, 2, 1, 5] (56s)
t=6 m=18 q0=2.05 restart=0: best F(q0)=1.378 word=[2, 4, 2, 1, 4, 3, 5, 1, 4, 1, 0, 4, 5, 0, 5, 2, 0, 3] (57s)
t=6 m=18 q0=2.05 restart=1: best F(q0)=1.378 word=[1, 5, 0, 1, 4, 2, 0, 4, 0, 3, 4, 5, 2, 3, 2, 1, 5, 3] (59s)
t=6 m=18 q0=2.3 restart=0: best F(q0)=8.582 word=[1, 4, 2, 4, 1, 4, 3, 5, 1, 2, 5, 0, 2, 3, 0, 5, 4, 0] (60s)
t=6 m=18 q0=2.3 restart=1: best F(q0)=8.401 word=[3, 0, 5, 4, 3, 5, 1, 2, 3, 1, 4, 2, 0, 1, 2, 5, 4, 0] (62s)
t=6 m=18 q0=2.5 restart=0: best F(q0)=38.33 word=[5, 3, 1, 0, 3, 4, 0, 2, 5, 1, 3, 4, 2, 1, 2, 0, 5, 4] (63s)
t=6 m=18 q0=2.5 restart=1: best F(q0)=36.88 word=[5, 0, 4, 5, 2, 4, 1, 3, 5, 2, 1, 0, 3, 4, 0, 2, 3, 1] (64s)
t=6 m=18 q0=2.7 restart=0: best F(q0)=169.8 word=[3, 4, 5, 1, 0, 2, 4, 2, 5, 0, 5, 4, 0, 3, 5, 3, 2, 1] (66s)
t=6 m=18 q0=2.7 restart=1: best F(q0)=163.1 word=[0, 3, 2, 5, 4, 0, 4, 3, 0, 5, 1, 2, 4, 1, 5, 3, 1, 2] (67s)
t=6 m=18 q0=2.9 restart=0: best F(q0)=680.8 word=[5, 3, 0, 4, 5, 0, 4, 1, 2, 0, 1, 3, 1, 5, 4, 2, 3, 2] (69s)
t=6 m=18 q0=2.9 restart=1: best F(q0)=680.8 word=[4, 1, 0, 2, 4, 3, 5, 0, 1, 3, 2, 5, 2, 4, 0, 3, 1, 5] (70s)
t=6 m=18 q0=3.5 restart=0: best F(q0)=2.968e+04 word=[5, 2, 0, 4, 3, 0, 5, 4, 1, 0, 1, 3, 2, 1, 5, 3, 4, 2] (72s)
t=6 m=18 q0=3.5 restart=1: best F(q0)=2.974e+04 word=[2, 1, 4, 5, 1, 3, 0, 4, 3, 0, 1, 5, 3, 2, 5, 2, 0, 4] (73s)
t=6 m=18 q0=4.5 restart=0: best F(q0)=3.408e+06 word=[2, 1, 4, 5, 1, 0, 1, 3, 4, 2, 4, 5, 3, 0, 2, 3, 0, 5] (75s)
t=6 m=18 q0=4.5 restart=1: best F(q0)=3.408e+06 word=[4, 5, 1, 4, 3, 1, 2, 4, 0, 1, 5, 0, 3, 5, 0, 2, 3, 2] (76s)
t=7 m=14 q0=2.05 restart=0: best F(q0)=1.235 word=[5, 2, 4, 2, 3, 0, 5, 1, 6, 0, 1, 2, 6, 3] (78s)
t=7 m=14 q0=2.05 restart=1: best F(q0)=1.235 word=[1, 4, 5, 4, 2, 0, 3, 2, 6, 0, 1, 3, 4, 6] (80s)
t=7 m=14 q0=2.3 restart=0: best F(q0)=3.907 word=[0, 6, 5, 3, 2, 5, 0, 2, 1, 4, 1, 3, 6, 4] (81s)
t=7 m=14 q0=2.3 restart=1: best F(q0)=3.907 word=[1, 6, 5, 0, 4, 3, 0, 1, 4, 2, 5, 3, 2, 6] (83s)
t=7 m=14 q0=2.5 restart=0: best F(q0)=9.129 word=[5, 6, 3, 4, 0, 2, 4, 1, 3, 6, 0, 5, 1, 2] (85s)
t=7 m=14 q0=2.5 restart=1: best F(q0)=9.129 word=[3, 1, 6, 0, 6, 5, 1, 4, 3, 2, 4, 0, 2, 5] (86s)
t=7 m=14 q0=2.7 restart=0: best F(q0)=19.72 word=[6, 1, 3, 4, 2, 3, 0, 5, 4, 1, 0, 6, 2, 5] (88s)
t=7 m=14 q0=2.7 restart=1: best F(q0)=20.02 word=[4, 6, 3, 1, 4, 6, 2, 0, 5, 2, 1, 0, 3, 5] (90s)
t=7 m=14 q0=2.9 restart=0: best F(q0)=41.6 word=[3, 2, 6, 5, 4, 0, 5, 3, 1, 2, 0, 6, 1, 4] (91s)
t=7 m=14 q0=2.9 restart=1: best F(q0)=42.83 word=[5, 1, 4, 5, 2, 0, 6, 4, 0, 1, 3, 2, 3, 6] (93s)
t=7 m=14 q0=3.5 restart=0: best F(q0)=338.1 word=[3, 5, 6, 2, 4, 3, 0, 1, 2, 5, 4, 0, 6, 1] (95s)
t=7 m=14 q0=3.5 restart=1: best F(q0)=338.1 word=[5, 2, 6, 1, 4, 0, 3, 2, 1, 3, 5, 0, 6, 4] (97s)
t=7 m=14 q0=4.5 restart=0: best F(q0)=5954 word=[4, 3, 1, 5, 2, 0, 3, 6, 4, 0, 5, 6, 2, 1] (98s)
t=7 m=14 q0=4.5 restart=1: best F(q0)=5967 word=[3, 1, 4, 6, 5, 0, 6, 1, 2, 3, 4, 5, 2, 0] (100s)
t=7 m=16 q0=2.05 restart=0: best F(q0)=1.339 word=[6, 1, 3, 6, 0, 5, 4, 1, 4, 2, 3, 5, 2, 0, 3, 2] (102s)
t=7 m=16 q0=2.05 restart=1: best F(q0)=1.302 word=[0, 6, 1, 5, 2, 4, 1, 0, 5, 4, 0, 3, 0, 4, 6, 2] (104s)
t=7 m=16 q0=2.3 restart=0: best F(q0)=5.293 word=[0, 6, 2, 1, 6, 5, 6, 4, 3, 1, 4, 0, 2, 5, 3, 5] (106s)
t=7 m=16 q0=2.3 restart=1: best F(q0)=5.314 word=[5, 6, 3, 2, 4, 5, 0, 4, 3, 0, 6, 1, 2, 5, 1, 6] (107s)
t=7 m=16 q0=2.5 restart=0: best F(q0)=15.27 word=[5, 4, 0, 6, 5, 2, 1, 4, 3, 5, 1, 3, 6, 2, 1, 0] (109s)
t=7 m=16 q0=2.5 restart=1: best F(q0)=15.27 word=[5, 2, 3, 0, 4, 2, 6, 5, 0, 6, 1, 3, 6, 0, 4, 1] (111s)
t=7 m=16 q0=2.7 restart=0: best F(q0)=41.29 word=[5, 1, 4, 5, 0, 6, 4, 0, 1, 6, 2, 0, 3, 1, 2, 3] (113s)
t=7 m=16 q0=2.7 restart=1: best F(q0)=42.42 word=[3, 4, 6, 2, 4, 1, 0, 5, 2, 1, 5, 3, 6, 0, 6, 1] (116s)
t=7 m=16 q0=2.9 restart=0: best F(q0)=112.6 word=[4, 0, 5, 1, 4, 5, 2, 3, 6, 0, 3, 1, 0, 2, 1, 6] (119s)
t=7 m=16 q0=2.9 restart=1: best F(q0)=112.6 word=[3, 6, 5, 1, 2, 4, 1, 3, 4, 0, 2, 5, 4, 6, 0, 5] (121s)
t=7 m=16 q0=3.5 restart=0: best F(q0)=1798 word=[6, 0, 2, 4, 5, 2, 6, 4, 0, 3, 1, 2, 3, 6, 1, 5] (123s)
t=7 m=16 q0=3.5 restart=1: best F(q0)=1798 word=[1, 3, 5, 2, 4, 1, 2, 3, 0, 4, 6, 5, 1, 6, 2, 0] (125s)
t=7 m=16 q0=4.5 restart=0: best F(q0)=6.894e+04 word=[6, 0, 3, 6, 2, 1, 4, 3, 5, 4, 0, 2, 4, 6, 5, 1] (127s)
t=7 m=16 q0=4.5 restart=1: best F(q0)=6.894e+04 word=[5, 0, 4, 5, 1, 3, 4, 6, 2, 4, 1, 0, 3, 6, 1, 2] (128s)
t=7 m=18 q0=2.05 restart=0: best F(q0)=1.407 word=[3, 0, 1, 4, 3, 5, 1, 3, 6, 2, 5, 4, 6, 0, 4, 3, 5, 2] (130s)
t=7 m=18 q0=2.05 restart=1: best F(q0)=1.407 word=[6, 5, 4, 6, 3, 4, 2, 0, 6, 0, 2, 3, 1, 2, 4, 0, 5, 1] (132s)
t=7 m=18 q0=2.3 restart=0: best F(q0)=7.245 word=[1, 6, 4, 5, 2, 6, 4, 3, 1, 5, 1, 2, 0, 4, 0, 3, 5, 0] (134s)
t=7 m=18 q0=2.3 restart=1: best F(q0)=7.216 word=[0, 5, 3, 4, 6, 0, 3, 1, 2, 6, 1, 4, 6, 5, 1, 4, 3, 2] (136s)
t=7 m=18 q0=2.5 restart=0: best F(q0)=26.02 word=[2, 3, 0, 5, 2, 0, 1, 5, 3, 6, 1, 4, 0, 6, 5, 4, 3, 6] (138s)
t=7 m=18 q0=2.5 restart=1: best F(q0)=26.02 word=[6, 2, 4, 3, 5, 4, 0, 4, 6, 0, 3, 6, 1, 2, 5, 1, 0, 5] (139s)
t=7 m=18 q0=2.7 restart=0: best F(q0)=93.39 word=[0, 6, 1, 3, 6, 2, 5, 6, 0, 5, 1, 4, 2, 3, 4, 0, 1, 2] (141s)
t=7 m=18 q0=2.7 restart=1: best F(q0)=93.39 word=[1, 6, 1, 3, 2, 5, 4, 2, 6, 5, 0, 2, 1, 0, 6, 3, 0, 4] (143s)
t=7 m=18 q0=2.9 restart=0: best F(q0)=329.5 word=[1, 4, 0, 1, 3, 4, 6, 0, 3, 6, 5, 1, 2, 4, 5, 2, 3, 6] (145s)
t=7 m=18 q0=2.9 restart=1: best F(q0)=329.5 word=[2, 0, 6, 4, 0, 1, 4, 3, 2, 6, 3, 5, 1, 2, 3, 0, 5, 4] (148s)
t=7 m=18 q0=3.5 restart=0: best F(q0)=1.007e+04 word=[6, 2, 5, 3, 1, 5, 4, 2, 0, 3, 6, 0, 1, 4, 3, 4, 6, 5] (151s)
t=7 m=18 q0=3.5 restart=1: best F(q0)=1.004e+04 word=[3, 4, 6, 1, 5, 2, 6, 4, 2, 3, 6, 5, 0, 4, 5, 3, 0, 1] (154s)
t=7 m=18 q0=4.5 restart=0: best F(q0)=8.09e+05 word=[0, 4, 1, 5, 1, 3, 0, 6, 4, 3, 5, 6, 2, 1, 2, 4, 5, 2] (157s)
t=7 m=18 q0=4.5 restart=1: best F(q0)=8.086e+05 word=[5, 0, 4, 2, 5, 1, 4, 6, 0, 3, 1, 2, 6, 1, 5, 4, 3, 6] (160s)
t=7 m=21 q0=2.05 restart=0: best F(q0)=1.36 word=[3, 2, 0, 4, 3, 0, 2, 6, 4, 5, 6, 1, 4, 2, 5, 0, 6, 5, 3, 5, 1] (163s)
t=7 m=21 q0=2.05 restart=1: best F(q0)=1.36 word=[0, 2, 4, 6, 0, 4, 3, 2, 3, 5, 4, 5, 1, 6, 5, 2, 1, 4, 5, 1, 3] (166s)
t=7 m=21 q0=2.3 restart=0: best F(q0)=11.32 word=[1, 2, 4, 1, 3, 0, 5, 1, 2, 0, 6, 5, 3, 2, 5, 1, 6, 2, 6, 4, 0] (169s)
t=7 m=21 q0=2.3 restart=1: best F(q0)=11.24 word=[2, 6, 3, 1, 6, 0, 1, 4, 3, 6, 3, 2, 4, 5, 1, 2, 3, 5, 4, 0, 5] (172s)
t=7 m=21 q0=2.5 restart=0: best F(q0)=61.18 word=[4, 1, 6, 0, 4, 5, 1, 3, 2, 0, 4, 3, 5, 0, 3, 6, 3, 2, 6, 5, 2] (176s)
t=7 m=21 q0=2.5 restart=1: best F(q0)=60.49 word=[3, 0, 3, 5, 4, 2, 6, 1, 2, 3, 6, 1, 4, 0, 6, 5, 2, 5, 0, 1, 4] (179s)
t=7 m=21 q0=2.7 restart=0: best F(q0)=320.3 word=[0, 1, 4, 3, 2, 5, 3, 1, 2, 0, 5, 4, 6, 1, 6, 3, 0, 5, 6, 2, 4] (182s)
t=7 m=21 q0=2.7 restart=1: best F(q0)=328.5 word=[0, 1, 3, 4, 0, 2, 3, 2, 4, 6, 2, 5, 1, 3, 5, 4, 6, 1, 0, 6, 5] (185s)
t=7 m=21 q0=2.9 restart=0: best F(q0)=1668 word=[0, 6, 5, 4, 0, 4, 2, 1, 3, 4, 6, 2, 0, 1, 3, 6, 1, 5, 2, 3, 5] (188s)
t=7 m=21 q0=2.9 restart=1: best F(q0)=1668 word=[6, 0, 5, 2, 6, 1, 2, 3, 1, 0, 6, 4, 1, 5, 3, 4, 2, 3, 0, 4, 5] (191s)
t=7 m=21 q0=3.5 restart=0: best F(q0)=1.339e+05 word=[0, 1, 2, 4, 6, 1, 3, 6, 4, 0, 3, 5, 0, 2, 5, 2, 3, 1, 4, 5, 6] (194s)
t=7 m=21 q0=3.5 restart=1: best F(q0)=1.351e+05 word=[0, 3, 6, 4, 5, 3, 1, 4, 5, 2, 0, 6, 0, 1, 3, 2, 1, 6, 2, 4, 5] (198s)
t=7 m=21 q0=4.5 restart=0: best F(q0)=3.253e+07 word=[3, 0, 1, 2, 4, 1, 0, 2, 3, 5, 6, 4, 3, 1, 6, 2, 5, 0, 6, 5, 4] (201s)
t=7 m=21 q0=4.5 restart=1: best F(q0)=3.253e+07 word=[1, 0, 4, 5, 2, 1, 6, 0, 3, 6, 4, 3, 0, 2, 3, 5, 6, 1, 5, 4, 2] (204s)
t=8 m=16 q0=2.05 restart=0: best F(q0)=1.195 word=[2, 5, 3, 4, 5, 1, 6, 7, 0, 2, 4, 7, 3, 6, 0, 1] (208s)
t=8 m=16 q0=2.05 restart=1: best F(q0)=1.152 word=[2, 3, 1, 7, 4, 2, 5, 1, 0, 6, 4, 0, 5, 7, 3, 6] (212s)
t=8 m=16 q0=2.3 restart=0: best F(q0)=3.601 word=[6, 4, 0, 5, 1, 3, 0, 7, 3, 6, 2, 1, 4, 2, 7, 5] (216s)
t=8 m=16 q0=2.3 restart=1: best F(q0)=4.018 word=[5, 7, 0, 3, 4, 6, 1, 3, 5, 0, 4, 2, 1, 7, 2, 6] (220s)
t=8 m=16 q0=2.5 restart=0: best F(q0)=11.07 word=[5, 3, 1, 5, 6, 0, 7, 2, 3, 4, 6, 1, 7, 5, 2, 0] (224s)
t=8 m=16 q0=2.5 restart=1: best F(q0)=11.07 word=[0, 5, 3, 2, 1, 4, 7, 6, 4, 2, 0, 1, 7, 3, 1, 6] (228s)
t=8 m=16 q0=2.7 restart=0: best F(q0)=26.84 word=[5, 1, 7, 2, 6, 7, 0, 4, 6, 0, 3, 1, 2, 5, 4, 3] (231s)
t=8 m=16 q0=2.7 restart=1: best F(q0)=25.85 word=[5, 2, 6, 7, 1, 6, 3, 5, 7, 4, 0, 3, 4, 2, 1, 0] (236s)
t=8 m=16 q0=2.9 restart=0: best F(q0)=60.88 word=[2, 0, 3, 1, 2, 7, 5, 0, 6, 1, 5, 3, 4, 6, 7, 4] (240s)
t=8 m=16 q0=2.9 restart=1: best F(q0)=62.3 word=[4, 3, 6, 5, 1, 0, 2, 4, 7, 1, 2, 5, 3, 7, 0, 6] (243s)
t=8 m=16 q0=3.5 restart=0: best F(q0)=643.1 word=[1, 6, 4, 3, 5, 0, 3, 2, 0, 6, 7, 4, 1, 5, 7, 2] (247s)
t=8 m=16 q0=3.5 restart=1: best F(q0)=643.1 word=[4, 6, 2, 1, 4, 5, 2, 3, 0, 7, 1, 6, 0, 5, 7, 3] (252s)
t=8 m=16 q0=4.5 restart=0: best F(q0)=1.705e+04 word=[3, 2, 3, 6, 7, 4, 5, 1, 7, 2, 5, 0, 6, 4, 0, 1] (255s)
t=8 m=16 q0=4.5 restart=1: best F(q0)=1.657e+04 word=[1, 5, 4, 3, 6, 5, 7, 6, 2, 0, 7, 4, 2, 1, 3, 0] (259s)
t=8 m=18 q0=2.05 restart=0: best F(q0)=1.219 word=[3, 2, 1, 6, 7, 2, 0, 3, 4, 5, 0, 1, 4, 6, 5, 7, 4, 1] (264s)
t=8 m=18 q0=2.05 restart=1: best F(q0)=1.215 word=[3, 2, 6, 4, 5, 3, 1, 7, 6, 5, 0, 7, 4, 3, 4, 0, 2, 4] (268s)
t=8 m=18 q0=2.3 restart=0: best F(q0)=5.121 word=[3, 5, 4, 3, 1, 6, 5, 2, 0, 7, 2, 5, 2, 1, 7, 4, 6, 0] (272s)
t=8 m=18 q0=2.3 restart=1: best F(q0)=5.139 word=[5, 2, 0, 3, 1, 0, 7, 3, 5, 0, 6, 4, 2, 1, 4, 7, 2, 6] (277s)
t=8 m=18 q0=2.5 restart=0: best F(q0)=18.7 word=[4, 3, 6, 0, 6, 1, 2, 7, 3, 0, 7, 1, 4, 7, 5, 2, 0, 5] (281s)
t=8 m=18 q0=2.5 restart=1: best F(q0)=17.67 word=[7, 4, 5, 6, 3, 7, 0, 6, 2, 5, 1, 2, 0, 4, 3, 2, 4, 1] (285s)
t=8 m=18 q0=2.7 restart=0: best F(q0)=56.84 word=[7, 0, 3, 4, 7, 2, 0, 5, 6, 2, 1, 0, 4, 2, 6, 3, 1, 5] (289s)
t=8 m=18 q0=2.7 restart=1: best F(q0)=55.47 word=[5, 1, 2, 6, 7, 0, 4, 6, 1, 0, 5, 2, 3, 6, 5, 7, 3, 4] (294s)
t=8 m=18 q0=2.9 restart=0: best F(q0)=166.4 word=[4, 3, 5, 7, 0, 2, 4, 1, 3, 6, 1, 5, 2, 7, 6, 0, 1, 7] (298s)
t=8 m=18 q0=2.9 restart=1: best F(q0)=166.5 word=[5, 7, 6, 5, 3, 2, 4, 7, 2, 1, 5, 0, 3, 4, 6, 1, 0, 4] (302s)
t=8 m=18 q0=3.5 restart=0: best F(q0)=3443 word=[0, 2, 5, 0, 7, 5, 6, 7, 4, 0, 3, 7, 1, 2, 3, 4, 6, 1] (306s)
t=8 m=18 q0=3.5 restart=1: best F(q0)=3441 word=[1, 6, 7, 0, 2, 3, 1, 4, 5, 0, 4, 3, 5, 7, 4, 6, 2, 7] (310s)
t=8 m=18 q0=4.5 restart=0: best F(q0)=1.922e+05 word=[6, 7, 4, 0, 3, 2, 6, 0, 2, 7, 5, 1, 4, 6, 1, 0, 5, 3] (314s)
t=8 m=18 q0=4.5 restart=1: best F(q0)=1.922e+05 word=[0, 5, 3, 6, 1, 4, 5, 1, 2, 4, 3, 1, 7, 4, 0, 7, 2, 6] (319s)
t=8 m=20 q0=2.05 restart=0: best F(q0)=1.191 word=[2, 5, 0, 5, 3, 0, 6, 7, 4, 1, 6, 5, 4, 1, 4, 0, 7, 2, 1, 3] (323s)
t=8 m=20 q0=2.05 restart=1: best F(q0)=1.195 word=[1, 6, 2, 1, 0, 4, 6, 0, 7, 2, 4, 5, 0, 5, 3, 6, 0, 3, 7, 5] (328s)
t=8 m=20 q0=2.3 restart=0: best F(q0)=7.623 word=[4, 2, 7, 6, 7, 0, 5, 7, 4, 6, 5, 3, 0, 1, 3, 2, 6, 1, 2, 0] (332s)
t=8 m=20 q0=2.3 restart=1: best F(q0)=7.319 word=[4, 0, 6, 1, 7, 4, 3, 1, 2, 0, 5, 6, 7, 3, 5, 7, 2, 5, 6, 2] (337s)
t=8 m=20 q0=2.5 restart=0: best F(q0)=31.48 word=[6, 2, 0, 3, 4, 6, 3, 1, 2, 3, 5, 7, 0, 1, 4, 7, 4, 5, 2, 7] (342s)
t=8 m=20 q0=2.5 restart=1: best F(q0)=30.64 word=[0, 6, 2, 3, 5, 6, 3, 4, 0, 1, 3, 0, 7, 5, 2, 4, 7, 2, 1, 5] (346s)
t=8 m=20 q0=2.7 restart=0: best F(q0)=126.2 word=[0, 6, 5, 0, 1, 7, 2, 3, 7, 4, 1, 5, 3, 1, 6, 2, 4, 0, 2, 7] (351s)
t=8 m=20 q0=2.7 restart=1: best F(q0)=123.5 word=[7, 1, 0, 3, 2, 1, 4, 3, 5, 1, 3, 6, 7, 4, 2, 5, 4, 0, 6, 2] (356s)
t=8 m=20 q0=2.9 restart=0: best F(q0)=476 word=[1, 5, 7, 4, 0, 7, 6, 5, 3, 0, 6, 3, 2, 5, 4, 3, 1, 6, 2, 7] (360s)
t=8 m=20 q0=2.9 restart=1: best F(q0)=476 word=[2, 3, 0, 6, 5, 7, 4, 2, 7, 0, 4, 6, 2, 1, 7, 3, 6, 1, 4, 5] (365s)
t=8 m=20 q0=3.5 restart=0: best F(q0)=1.915e+04 word=[1, 3, 7, 4, 2, 1, 6, 0, 5, 1, 4, 6, 3, 2, 0, 3, 7, 5, 6, 7] (369s)
t=8 m=20 q0=3.5 restart=1: best F(q0)=1.924e+04 word=[5, 6, 4, 1, 6, 0, 5, 3, 7, 4, 2, 3, 6, 5, 4, 0, 2, 1, 7, 0] (374s)
t=8 m=20 q0=4.5 restart=0: best F(q0)=2.255e+06 word=[5, 4, 2, 5, 0, 4, 2, 3, 6, 5, 6, 4, 3, 1, 6, 7, 2, 0, 7, 1] (379s)
t=8 m=20 q0=4.5 restart=1: best F(q0)=2.253e+06 word=[5, 0, 4, 1, 7, 2, 0, 4, 2, 5, 3, 7, 0, 6, 1, 5, 7, 6, 3, 4] (383s)
t=8 m=24 q0=2.05 restart=0: best F(q0)=1.341 word=[6, 7, 3, 0, 5, 0, 3, 2, 7, 0, 4, 6, 2, 6, 3, 4, 5, 0, 3, 1, 5, 2, 4, 1] (388s)
t=8 m=24 q0=2.05 restart=1: best F(q0)=1.346 word=[4, 7, 5, 4, 3, 7, 2, 0, 1, 2, 1, 4, 5, 4, 2, 3, 6, 7, 1, 6, 5, 0, 4, 5] (394s)
t=8 m=24 q0=2.3 restart=0: best F(q0)=14.77 word=[0, 7, 2, 3, 4, 5, 7, 1, 6, 5, 2, 3, 4, 6, 3, 5, 2, 0, 4, 1, 2, 3, 7, 6] (399s)
t=8 m=24 q0=2.3 restart=1: best F(q0)=14.31 word=[0, 4, 3, 7, 2, 5, 1, 2, 3, 0, 5, 7, 4, 6, 3, 1, 0, 6, 5, 4, 1, 0, 6, 7] (404s)
t=8 m=24 q0=2.5 restart=0: best F(q0)=98.45 word=[2, 3, 7, 6, 0, 2, 1, 5, 3, 0, 7, 1, 6, 3, 4, 7, 2, 0, 5, 7, 1, 4, 5, 6] (409s)
t=8 m=24 q0=2.5 restart=1: best F(q0)=97.35 word=[7, 6, 3, 0, 2, 6, 1, 3, 4, 0, 5, 3, 2, 1, 7, 5, 6, 0, 4, 1, 0, 7, 2, 4] (414s)
t=8 m=24 q0=2.7 restart=0: best F(q0)=636 word=[1, 6, 3, 2, 0, 4, 5, 6, 7, 2, 1, 7, 5, 0, 5, 3, 1, 0, 7, 4, 2, 6, 4, 3] (419s)
t=8 m=24 q0=2.7 restart=1: best F(q0)=672.8 word=[4, 7, 2, 6, 4, 5, 2, 0, 1, 7, 3, 5, 7, 3, 0, 7, 0, 4, 5, 1, 6, 3, 1, 2] (424s)
t=8 m=24 q0=2.9 restart=0: best F(q0)=4283 word=[0, 5, 4, 6, 4, 7, 5, 4, 1, 0, 3, 6, 2, 7, 0, 7, 3, 2, 1, 3, 1, 5, 6, 2] (429s)
t=8 m=24 q0=2.9 restart=1: best F(q0)=4221 word=[4, 7, 6, 0, 4, 1, 5, 3, 0, 5, 7, 2, 6, 2, 3, 5, 6, 0, 1, 7, 4, 2, 1, 3] (435s)
t=8 m=24 q0=3.5 restart=0: best F(q0)=6.094e+05 word=[3, 0, 3, 2, 3, 1, 0, 6, 7, 2, 7, 1, 4, 7, 5, 0, 6, 4, 2, 5, 4, 6, 5, 1] (439s)
t=8 m=24 q0=3.5 restart=1: best F(q0)=6.099e+05 word=[7, 5, 2, 3, 7, 6, 1, 4, 2, 5, 4, 6, 2, 1, 6, 0, 3, 7, 1, 4, 3, 0, 5, 0] (445s)
t=8 m=24 q0=4.5 restart=0: best F(q0)=3.166e+08 word=[7, 1, 5, 2, 4, 2, 3, 4, 1, 0, 6, 5, 0, 3, 1, 2, 5, 7, 0, 3, 6, 1, 6, 4] (450s)
t=8 m=24 q0=4.5 restart=1: best F(q0)=3.105e+08 word=[4, 6, 3, 1, 7, 0, 2, 7, 6, 7, 4, 2, 5, 1, 2, 0, 3, 4, 5, 3, 6, 5, 0, 1] (455s)
done
