t=9 m=18 q0=2.05 restart=0: best F(q0)=1.297 word=[4, 5, 2, 4, 7, 6, 0, 1, 7, 8, 2, 8, 6, 1, 4, 0, 8, 3] (4s)
t=9 m=18 q0=2.05 restart=1: best F(q0)=1.297 word=[1, 5, 3, 2, 8, 6, 2, 4, 0, 7, 6, 0, 3, 5, 7, 3, 8, 7] (8s)
t=9 m=18 q0=2.3 restart=0: best F(q0)=5.233 word=[4, 2, 8, 7, 0, 6, 2, 5, 8, 1, 2, 6, 7, 3, 5, 0, 1, 3] (12s)
t=9 m=18 q0=2.3 restart=1: best F(q0)=5.235 word=[8, 7, 4, 1, 3, 7, 0, 6, 4, 5, 2, 4, 8, 0, 6, 2, 3, 5] (16s)
t=9 m=18 q0=2.5 restart=0: best F(q0)=14.66 word=[7, 0, 6, 2, 1, 3, 8, 2, 5, 7, 3, 0, 6, 5, 4, 0, 1, 4] (20s)
t=9 m=18 q0=2.5 restart=1: best F(q0)=14.66 word=[8, 5, 2, 8, 0, 1, 5, 7, 8, 3, 0, 6, 4, 7, 1, 6, 2, 4] (23s)
t=9 m=18 q0=2.7 restart=0: best F(q0)=39.21 word=[2, 8, 0, 3, 2, 1, 6, 7, 0, 4, 1, 8, 5, 6, 3, 7, 1, 5] (27s)
t=9 m=18 q0=2.7 restart=1: best F(q0)=39.09 word=[8, 2, 0, 4, 5, 7, 3, 1, 5, 2, 3, 0, 6, 1, 8, 0, 4, 7] (31s)
t=9 m=18 q0=2.9 restart=0: best F(q0)=100.1 word=[0, 3, 1, 4, 5, 6, 1, 7, 8, 2, 0, 6, 2, 4, 0, 8, 5, 7] (35s)
t=9 m=18 q0=2.9 restart=1: best F(q0)=96.43 word=[8, 6, 2, 4, 5, 2, 3, 5, 0, 8, 1, 0, 6, 7, 1, 3, 4, 7] (39s)
t=9 m=18 q0=3.5 restart=0: best F(q0)=1223 word=[6, 8, 2, 7, 1, 8, 3, 0, 2, 5, 3, 4, 7, 0, 6, 4, 1, 5] (43s)
t=9 m=18 q0=3.5 restart=1: best F(q0)=1223 word=[6, 8, 2, 0, 5, 8, 1, 0, 7, 3, 2, 4, 6, 7, 4, 5, 3, 1] (47s)
t=9 m=18 q0=4.5 restart=0: best F(q0)=4.829e+04 word=[0, 8, 4, 5, 0, 3, 7, 6, 4, 7, 8, 1, 6, 1, 2, 3, 5, 2] (51s)
t=9 m=18 q0=4.5 restart=1: best F(q0)=4.734e+04 word=[3, 4, 7, 8, 5, 2, 0, 5, 1, 8, 4, 6, 2, 3, 6, 0, 1, 7] (55s)
t=9 m=20 q0=2.05 restart=0: best F(q0)=1.273 word=[1, 5, 6, 4, 3, 6, 0, 8, 1, 3, 0, 5, 4, 8, 4, 2, 4, 8, 6, 7] (59s)
t=9 m=20 q0=2.05 restart=1: best F(q0)=1.318 word=[5, 8, 2, 5, 4, 1, 3, 4, 7, 8, 6, 0, 2, 3, 2, 7, 6, 2, 4, 0] (63s)
t=9 m=20 q0=2.3 restart=0: best F(q0)=7.086 word=[4, 8, 5, 2, 6, 7, 1, 8, 4, 6, 1, 2, 0, 7, 5, 4, 3, 8, 3, 0] (68s)
t=9 m=20 q0=2.3 restart=1: best F(q0)=7.122 word=[0, 4, 7, 4, 8, 6, 1, 3, 6, 2, 8, 0, 2, 1, 0, 3, 4, 8, 7, 5] (72s)
t=9 m=20 q0=2.5 restart=0: best F(q0)=24.1 word=[0, 8, 0, 6, 4, 7, 1, 3, 7, 8, 2, 6, 7, 2, 5, 6, 3, 5, 4, 1] (76s)
t=9 m=20 q0=2.5 restart=1: best F(q0)=24.32 word=[8, 0, 5, 1, 6, 2, 7, 0, 2, 3, 4, 6, 5, 3, 6, 8, 7, 8, 4, 1] (81s)
t=9 m=20 q0=2.7 restart=0: best F(q0)=80.76 word=[8, 5, 1, 3, 4, 7, 0, 1, 4, 1, 8, 7, 2, 5, 6, 0, 2, 3, 6, 0] (85s)
t=9 m=20 q0=2.7 restart=1: best F(q0)=77 word=[8, 3, 7, 1, 2, 5, 3, 1, 5, 0, 2, 4, 7, 6, 5, 4, 8, 0, 3, 6] (89s)
t=9 m=20 q0=2.9 restart=0: best F(q0)=244.1 word=[5, 2, 4, 0, 8, 7, 3, 0, 6, 2, 8, 4, 7, 6, 1, 3, 5, 7, 1, 4] (94s)
t=9 m=20 q0=2.9 restart=1: best F(q0)=249 word=[6, 7, 8, 2, 3, 0, 8, 1, 5, 2, 6, 0, 4, 5, 6, 1, 3, 4, 7, 0] (98s)
t=9 m=20 q0=3.5 restart=0: best F(q0)=6560 word=[1, 8, 6, 7, 4, 8, 5, 3, 4, 1, 3, 2, 8, 0, 6, 2, 4, 0, 5, 7] (103s)
t=9 m=20 q0=3.5 restart=1: best F(q0)=6560 word=[5, 4, 7, 3, 8, 5, 6, 2, 0, 8, 6, 4, 1, 6, 7, 2, 5, 0, 1, 3] (107s)
t=9 m=20 q0=4.5 restart=0: best F(q0)=5.354e+05 word=[2, 6, 1, 4, 3, 0, 1, 8, 5, 2, 0, 7, 8, 6, 0, 5, 4, 6, 7, 3] (111s)
t=9 m=20 q0=4.5 restart=1: best F(q0)=5.369e+05 word=[1, 5, 2, 7, 8, 5, 6, 7, 3, 1, 6, 3, 4, 6, 0, 2, 4, 0, 8, 0] (117s)
t=9 m=22 q0=2.05 restart=0: best F(q0)=1.34 word=[0, 5, 1, 8, 0, 7, 1, 6, 2, 5, 8, 4, 0, 3, 1, 7, 0, 3, 2, 4, 6, 3] (123s)
t=9 m=22 q0=2.05 restart=1: best F(q0)=1.357 word=[2, 7, 6, 5, 8, 1, 3, 6, 1, 5, 1, 5, 0, 3, 8, 2, 4, 2, 3, 1, 7, 0] (128s)
t=9 m=22 q0=2.3 restart=0: best F(q0)=9.054 word=[1, 8, 3, 2, 4, 5, 8, 7, 0, 1, 6, 3, 5, 0, 6, 2, 7, 2, 4, 6, 7, 4] (132s)
t=9 m=22 q0=2.3 restart=1: best F(q0)=9.51 word=[8, 3, 5, 6, 7, 3, 6, 0, 7, 5, 0, 7, 1, 6, 8, 4, 8, 1, 2, 4, 0, 2] (137s)
t=9 m=22 q0=2.5 restart=0: best F(q0)=40.65 word=[6, 5, 7, 4, 2, 0, 3, 6, 0, 1, 2, 5, 8, 0, 5, 1, 4, 8, 1, 3, 1, 7] (142s)
t=9 m=22 q0=2.5 restart=1: best F(q0)=41.27 word=[6, 4, 8, 2, 5, 2, 0, 5, 3, 4, 2, 7, 0, 3, 6, 8, 1, 4, 7, 0, 1, 7] (147s)
t=9 m=22 q0=2.7 restart=0: best F(q0)=169.6 word=[3, 6, 5, 4, 1, 0, 7, 3, 4, 1, 7, 4, 2, 0, 8, 6, 1, 5, 3, 2, 5, 8] (154s)
t=9 m=22 q0=2.7 restart=1: best F(q0)=173 word=[4, 8, 2, 6, 4, 7, 1, 5, 2, 3, 5, 6, 0, 1, 8, 7, 3, 7, 4, 2, 0, 3] (161s)
t=9 m=22 q0=2.9 restart=0: best F(q0)=709.9 word=[8, 0, 3, 1, 7, 6, 0, 7, 2, 4, 5, 8, 2, 6, 5, 1, 8, 3, 2, 0, 4, 3] (168s)
t=9 m=22 q0=2.9 restart=1: best F(q0)=711.3 word=[1, 3, 7, 4, 0, 3, 5, 1, 6, 8, 2, 5, 8, 7, 6, 4, 2, 7, 0, 1, 2, 6] (175s)
t=9 m=22 q0=3.5 restart=0: best F(q0)=3.666e+04 word=[1, 4, 3, 2, 0, 5, 8, 4, 7, 0, 6, 5, 4, 8, 0, 1, 6, 7, 3, 6, 2, 8] (182s)
t=9 m=22 q0=3.5 restart=1: best F(q0)=3.642e+04 word=[8, 3, 5, 7, 4, 8, 6, 4, 5, 1, 6, 0, 1, 3, 2, 4, 3, 0, 7, 6, 2, 0] (189s)
t=9 m=22 q0=4.5 restart=0: best F(q0)=6.279e+06 word=[1, 0, 2, 6, 2, 1, 5, 7, 8, 0, 3, 4, 8, 6, 5, 3, 2, 7, 1, 4, 6, 4] (196s)
t=9 m=22 q0=4.5 restart=1: best F(q0)=6.284e+06 word=[7, 5, 6, 0, 2, 5, 8, 4, 1, 6, 7, 5, 4, 2, 3, 8, 7, 0, 1, 3, 6, 3] (203s)
t=9 m=27 q0=2.05 restart=0: best F(q0)=1.185 word=[8, 3, 1, 5, 0, 8, 4, 2, 6, 3, 5, 6, 2, 7, 6, 4, 5, 2, 8, 7, 1, 0, 3, 2, 6, 1, 4] (211s)
t=9 m=27 q0=2.05 restart=1: best F(q0)=1.174 word=[6, 1, 0, 5, 3, 4, 5, 6, 4, 2, 4, 1, 7, 6, 2, 0, 7, 2, 5, 8, 4, 0, 3, 8, 2, 3, 1] (219s)
t=9 m=27 q0=2.3 restart=0: best F(q0)=21.04 word=[2, 7, 3, 8, 4, 7, 8, 4, 0, 2, 5, 6, 7, 8, 2, 6, 3, 1, 0, 7, 3, 5, 4, 2, 5, 1, 6] (227s)
t=9 m=27 q0=2.3 restart=1: best F(q0)=19.4 word=[2, 6, 4, 2, 3, 1, 5, 8, 0, 6, 7, 1, 3, 5, 8, 1, 4, 3, 0, 1, 7, 2, 0, 5, 7, 3, 8] (235s)
t=9 m=27 q0=2.5 restart=0: best F(q0)=159.6 word=[3, 1, 4, 3, 7, 0, 8, 6, 3, 2, 0, 4, 2, 6, 7, 5, 6, 2, 8, 5, 1, 0, 6, 4, 7, 2, 5] (243s)
t=9 m=27 q0=2.5 restart=1: best F(q0)=164.9 word=[2, 8, 1, 4, 0, 3, 2, 6, 4, 3, 6, 1, 8, 6, 7, 5, 2, 6, 4, 5, 0, 8, 7, 3, 0, 5, 1] (252s)
t=9 m=27 q0=2.7 restart=0: best F(q0)=1361 word=[4, 5, 6, 0, 8, 6, 1, 5, 7, 3, 2, 1, 7, 6, 3, 2, 3, 0, 4, 3, 8, 5, 8, 7, 2, 0, 1] (260s)
t=9 m=27 q0=2.7 restart=1: best F(q0)=1334 word=[5, 1, 4, 8, 7, 2, 4, 0, 2, 3, 7, 6, 8, 1, 6, 0, 2, 6, 3, 0, 5, 7, 1, 6, 5, 3, 4] (268s)
t=9 m=27 q0=2.9 restart=0: best F(q0)=1.056e+04 word=[0, 1, 8, 5, 3, 1, 4, 2, 1, 5, 3, 0, 3, 2, 8, 6, 7, 4, 7, 6, 4, 8, 0, 7, 5, 6, 2] (276s)
t=9 m=27 q0=2.9 restart=1: best F(q0)=1.037e+04 word=[0, 4, 2, 6, 3, 5, 7, 5, 2, 3, 0, 4, 8, 1, 3, 8, 6, 7, 0, 1, 7, 4, 5, 6, 1, 8, 2] (284s)
t=9 m=27 q0=3.5 restart=0: best F(q0)=2.83e+06 word=[0, 1, 4, 5, 8, 3, 4, 5, 6, 4, 7, 1, 2, 4, 0, 8, 7, 3, 2, 0, 6, 8, 1, 6, 7, 5, 3] (292s)
t=9 m=27 q0=3.5 restart=1: best F(q0)=2.739e+06 word=[2, 5, 0, 1, 8, 6, 1, 6, 5, 7, 8, 3, 6, 0, 4, 1, 2, 3, 5, 7, 4, 3, 8, 4, 7, 2, 0] (300s)
t=9 m=27 q0=4.5 restart=0: best F(q0)=3.023e+09 word=[7, 8, 1, 7, 2, 8, 1, 6, 7, 5, 6, 3, 1, 7, 0, 4, 6, 4, 2, 4, 8, 3, 0, 2, 5, 3, 0] (308s)
t=9 m=27 q0=4.5 restart=1: best F(q0)=3.022e+09 word=[4, 6, 2, 0, 4, 7, 5, 1, 7, 4, 8, 5, 0, 3, 2, 0, 1, 3, 8, 6, 1, 6, 2, 5, 3, 7, 0] (316s)
t=10 m=20 q0=2.05 restart=0: best F(q0)=0.9459 word=[4, 0, 9, 5, 3, 0, 2, 6, 1, 7, 4, 8, 2, 3, 1, 8, 9, 7, 5, 2] (343s)
t=10 m=20 q0=2.05 restart=1: best F(q0)=0.7562 word=[0, 9, 1, 6, 0, 8, 7, 2, 9, 7, 6, 4, 3, 2, 5, 9, 3, 8, 1, 5] (369s)
t=10 m=20 q0=2.3 restart=0: best F(q0)=5.139 word=[5, 0, 3, 6, 9, 3, 1, 9, 5, 6, 1, 8, 9, 7, 6, 2, 0, 7, 8, 4] (395s)
t=10 m=20 q0=2.3 restart=1: best F(q0)=5.211 word=[6, 8, 5, 9, 1, 5, 1, 8, 0, 9, 4, 3, 2, 0, 7, 6, 3, 1, 7, 4] (421s)
t=10 m=20 q0=2.5 restart=0: best F(q0)=16.7 word=[8, 7, 0, 9, 3, 6, 1, 4, 2, 0, 1, 8, 9, 5, 8, 4, 7, 5, 2, 6] (447s)
t=10 m=20 q0=2.5 restart=1: best F(q0)=16.29 word=[5, 4, 8, 6, 2, 1, 5, 3, 7, 4, 0, 9, 3, 0, 2, 7, 6, 1, 8, 9] (463s)
t=10 m=20 q0=2.7 restart=0: best F(q0)=52.13 word=[7, 6, 3, 4, 1, 8, 7, 5, 6, 2, 4, 8, 2, 9, 5, 0, 3, 8, 0, 1] (477s)
t=10 m=20 q0=2.7 restart=1: best F(q0)=51.14 word=[4, 6, 9, 5, 7, 4, 1, 2, 8, 0, 5, 1, 0, 3, 7, 8, 1, 6, 3, 2] (489s)
t=10 m=20 q0=2.9 restart=0: best F(q0)=148.3 word=[4, 1, 8, 3, 4, 2, 3, 6, 1, 9, 5, 4, 7, 2, 5, 6, 7, 0, 8, 9] (502s)
t=10 m=20 q0=2.9 restart=1: best F(q0)=148.1 word=[4, 1, 2, 3, 8, 5, 3, 0, 8, 1, 6, 9, 3, 6, 5, 4, 0, 7, 9, 2] (515s)
t=10 m=20 q0=3.5 restart=0: best F(q0)=2845 word=[3, 0, 4, 5, 9, 4, 2, 3, 9, 2, 1, 7, 5, 8, 1, 0, 6, 8, 2, 7] (528s)
t=10 m=20 q0=3.5 restart=1: best F(q0)=2813 word=[9, 2, 1, 0, 5, 1, 6, 4, 0, 3, 8, 5, 7, 0, 9, 3, 4, 2, 7, 6] (541s)
t=10 m=20 q0=4.5 restart=0: best F(q0)=1.573e+05 word=[0, 1, 2, 9, 4, 6, 5, 8, 9, 7, 6, 3, 0, 5, 2, 3, 5, 7, 1, 8] (554s)
t=10 m=20 q0=4.5 restart=1: best F(q0)=1.29e+05 word=[9, 0, 3, 4, 7, 1, 0, 8, 4, 2, 6, 7, 8, 5, 2, 1, 9, 6, 5, 3] (567s)
  negative on grid: word=[6, 5, 0, 4, 5, 2, 8, 1, 3, 9, 5, 1, 4, 6, 8, 9, 4, 7, 2, 3, 0, 7] q in [2.0850,2.1350] F(q0)=0.2558
t=10 m=22 q0=2.05 restart=0: best F(q0)=0.2558 word=[6, 5, 0, 4, 5, 2, 8, 1, 3, 9, 5, 1, 4, 6, 8, 9, 4, 7, 2, 3, 0, 7] (581s)
t=10 m=22 q0=2.05 restart=1: best F(q0)=1.193 word=[3, 1, 7, 4, 9, 2, 8, 6, 4, 2, 1, 0, 2, 5, 7, 8, 1, 6, 4, 6, 5, 9] (595s)
t=10 m=22 q0=2.3 restart=0: best F(q0)=6.92 word=[9, 4, 6, 5, 0, 8, 1, 0, 3, 2, 7, 9, 6, 9, 8, 4, 2, 0, 6, 1, 3, 5] (605s)
t=10 m=22 q0=2.3 restart=1: best F(q0)=6.591 word=[4, 7, 9, 3, 6, 4, 0, 8, 7, 0, 9, 6, 0, 2, 3, 7, 5, 8, 1, 6, 2, 5] (615s)
t=10 m=22 q0=2.5 restart=0: best F(q0)=28.7 word=[6, 2, 9, 5, 0, 1, 3, 6, 5, 1, 4, 9, 8, 0, 7, 3, 5, 4, 7, 1, 2, 0] (625s)
t=10 m=22 q0=2.5 restart=1: best F(q0)=28.65 word=[9, 1, 6, 0, 3, 5, 9, 4, 3, 2, 4, 6, 7, 3, 8, 1, 2, 0, 5, 2, 7, 0] (634s)
t=10 m=22 q0=2.7 restart=0: best F(q0)=101.1 word=[2, 1, 5, 7, 4, 3, 5, 6, 2, 3, 8, 9, 6, 7, 0, 4, 6, 8, 1, 7, 9, 0] (644s)
t=10 m=22 q0=2.7 restart=1: best F(q0)=105.6 word=[6, 0, 7, 3, 2, 5, 9, 7, 1, 3, 8, 6, 4, 1, 2, 0, 9, 8, 7, 4, 8, 5] (653s)
t=10 m=22 q0=2.9 restart=0: best F(q0)=368 word=[1, 6, 9, 5, 7, 0, 3, 7, 2, 8, 9, 1, 3, 5, 2, 9, 4, 5, 6, 0, 4, 8] (663s)
t=10 m=22 q0=2.9 restart=1: best F(q0)=365.3 word=[3, 4, 9, 1, 4, 7, 2, 6, 7, 0, 8, 5, 6, 9, 3, 8, 7, 5, 1, 0, 4, 2] (673s)
t=10 m=22 q0=3.5 restart=0: best F(q0)=1.274e+04 word=[3, 5, 7, 1, 0, 7, 8, 3, 2, 4, 7, 9, 2, 1, 6, 5, 8, 4, 5, 9, 0, 6] (683s)
t=10 m=22 q0=3.5 restart=1: best F(q0)=1.269e+04 word=[3, 1, 9, 4, 2, 5, 1, 8, 3, 5, 7, 2, 6, 0, 9, 7, 0, 8, 7, 3, 4, 6] (693s)
t=10 m=22 q0=4.5 restart=0: best F(q0)=1.494e+06 word=[3, 2, 7, 4, 1, 5, 9, 6, 8, 3, 1, 9, 4, 0, 5, 6, 2, 4, 5, 8, 7, 0] (706s)
t=10 m=22 q0=4.5 restart=1: best F(q0)=1.496e+06 word=[4, 8, 1, 7, 2, 0, 6, 7, 9, 4, 7, 4, 0, 3, 6, 5, 2, 8, 9, 3, 1, 5] (720s)
t=10 m=24 q0=2.05 restart=0: best F(q0)=1.079 word=[6, 2, 8, 1, 3, 0, 8, 7, 1, 4, 9, 5, 4, 8, 9, 7, 6, 0, 7, 3, 2, 5, 3, 1] (735s)
t=10 m=24 q0=2.05 restart=1: best F(q0)=0.2924 word=[5, 1, 9, 7, 4, 8, 5, 0, 9, 2, 1, 7, 8, 3, 9, 4, 1, 0, 6, 3, 5, 7, 6, 2] (750s)
  negative on grid: word=[2, 7, 4, 6, 0, 5, 2, 3, 1, 8, 2, 0, 1, 4, 8, 9, 6, 5, 9, 1, 7, 5, 3, 6] q in [2.0700,2.1300] F(q0)=6.418
t=10 m=24 q0=2.3 restart=0: best F(q0)=6.418 word=[2, 7, 4, 6, 0, 5, 2, 3, 1, 8, 2, 0, 1, 4, 8, 9, 6, 5, 9, 1, 7, 5, 3, 6] (765s)
t=10 m=24 q0=2.3 restart=1: best F(q0)=9.757 word=[5, 1, 0, 7, 4, 0, 3, 6, 9, 3, 7, 8, 5, 9, 4, 0, 9, 2, 0, 6, 8, 4, 2, 7] (781s)
t=10 m=24 q0=2.5 restart=0: best F(q0)=47.03 word=[6, 8, 7, 1, 0, 8, 9, 4, 5, 8, 3, 5, 2, 6, 7, 3, 2, 7, 0, 3, 9, 6, 4, 1] (795s)
t=10 m=24 q0=2.5 restart=1: best F(q0)=47.48 word=[9, 0, 3, 7, 4, 5, 1, 8, 9, 5, 2, 1, 6, 0, 2, 8, 6, 5, 7, 2, 3, 1, 4, 3] (810s)
t=10 m=24 q0=2.7 restart=0: best F(q0)=221.6 word=[6, 5, 7, 1, 0, 3, 5, 4, 1, 9, 2, 1, 8, 4, 6, 8, 3, 7, 4, 2, 0, 6, 7, 9] (825s)
t=10 m=24 q0=2.7 restart=1: best F(q0)=223.7 word=[2, 7, 5, 0, 3, 7, 4, 2, 1, 5, 6, 2, 0, 1, 3, 6, 8, 9, 1, 8, 7, 9, 4, 5] (841s)
t=10 m=24 q0=2.9 restart=0: best F(q0)=1018 word=[8, 2, 0, 1, 7, 5, 9, 3, 4, 6, 2, 1, 9, 8, 6, 3, 1, 4, 8, 7, 0, 4, 5, 0] (856s)
t=10 m=24 q0=2.9 restart=1: best F(q0)=1029 word=[0, 5, 4, 0, 1, 8, 5, 6, 4, 3, 9, 1, 7, 8, 4, 9, 2, 6, 0, 7, 3, 2, 8, 3] (871s)
t=10 m=24 q0=3.5 restart=0: best F(q0)=7.164e+04 word=[8, 7, 5, 3, 2, 1, 6, 7, 2, 9, 5, 2, 4, 1, 3, 0, 8, 0, 4, 8, 0, 9, 3, 6] (886s)
t=10 m=24 q0=3.5 restart=1: best F(q0)=6.959e+04 word=[6, 2, 3, 4, 0, 2, 7, 5, 9, 8, 3, 9, 2, 1, 8, 0, 1, 4, 9, 6, 7, 4, 5, 8] (901s)
t=10 m=24 q0=4.5 restart=0: best F(q0)=1.753e+07 word=[1, 8, 3, 4, 9, 3, 0, 7, 5, 4, 6, 9, 7, 2, 4, 8, 5, 1, 2, 6, 3, 0, 8, 9] (916s)
t=10 m=24 q0=4.5 restart=1: best F(q0)=1.752e+07 word=[2, 0, 7, 6, 9, 0, 1, 8, 4, 3, 7, 9, 2, 3, 8, 9, 5, 0, 6, 4, 5, 1, 6, 5] (931s)
  negative on grid: word=[7, 4, 5, 2, 6, 1, 6, 5, 8, 3, 6, 1, 8, 9, 6, 0, 4, 3, 9, 0, 8, 7, 2, 3, 1, 4, 9, 0, 3, 6] q in [2.0400,2.1450] F(q0)=-0.3043
t=10 m=30 q0=2.05 restart=0: best F(q0)=-0.3043 word=[7, 4, 5, 2, 6, 1, 6, 5, 8, 3, 6, 1, 8, 9, 6, 0, 4, 3, 9, 0, 8, 7, 2, 3, 1, 4, 9, 0, 3, 6] (949s)
  negative on grid: word=[0, 4, 3, 6, 0, 7, 1, 0, 8, 3, 2, 0, 7, 4, 6, 9, 4, 2, 6, 7, 9, 8, 5, 6, 2, 5, 1, 9, 3, 7] q in [2.0550,2.0950] F(q0)=0.001791
  negative on grid: word=[0, 6, 3, 2, 0, 7, 1, 0, 8, 3, 4, 0, 7, 4, 6, 9, 1, 5, 4, 6, 5, 8, 9, 7, 6, 2, 4, 9, 3, 7] q in [2.0400,2.1200] F(q0)=-0.1667
t=10 m=30 q0=2.05 restart=1: best F(q0)=-0.1667 word=[0, 6, 3, 2, 0, 7, 1, 0, 8, 3, 4, 0, 7, 4, 6, 9, 1, 5, 4, 6, 5, 8, 9, 7, 6, 2, 4, 9, 3, 7] (967s)
t=10 m=30 q0=2.3 restart=0: best F(q0)=24.35 word=[4, 0, 9, 6, 5, 1, 4, 7, 1, 0, 6, 3, 7, 0, 2, 5, 9, 8, 1, 3, 2, 6, 8, 9, 3, 4, 9, 8, 0, 6] (986s)
t=10 m=30 q0=2.3 restart=1: best F(q0)=24.22 word=[2, 8, 3, 4, 6, 1, 0, 9, 7, 0, 4, 7, 8, 1, 3, 0, 6, 2, 1, 8, 5, 4, 1, 9, 5, 9, 5, 7, 1, 4] (1004s)
t=10 m=30 q0=2.5 restart=0: best F(q0)=264.3 word=[7, 3, 2, 1, 0, 9, 7, 6, 4, 7, 5, 3, 7, 1, 8, 9, 3, 6, 8, 1, 9, 2, 4, 5, 8, 2, 6, 4, 0, 8] (1023s)
t=10 m=30 q0=2.5 restart=1: best F(q0)=256.9 word=[4, 7, 9, 1, 3, 8, 0, 2, 6, 5, 3, 0, 7, 6, 3, 7, 0, 1, 6, 4, 9, 5, 1, 2, 9, 8, 4, 6, 5, 2] (1042s)
t=10 m=30 q0=2.7 restart=0: best F(q0)=2764 word=[7, 3, 6, 8, 1, 4, 0, 5, 6, 4, 2, 9, 6, 7, 3, 9, 7, 0, 2, 1, 6, 1, 0, 3, 4, 7, 8, 9, 5, 2] (1058s)
t=10 m=30 q0=2.7 restart=1: best F(q0)=2732 word=[0, 7, 4, 9, 3, 6, 9, 1, 6, 8, 5, 0, 3, 4, 5, 3, 2, 5, 0, 9, 7, 1, 8, 1, 2, 7, 5, 4, 8, 6] (1070s)
t=10 m=30 q0=2.9 restart=0: best F(q0)=2.632e+04 word=[1, 8, 5, 7, 8, 0, 6, 7, 4, 6, 8, 4, 3, 1, 3, 6, 0, 9, 3, 4, 2, 9, 2, 0, 5, 1, 2, 7, 5, 9] (1083s)
t=10 m=30 q0=2.9 restart=1: best F(q0)=2.813e+04 word=[5, 6, 1, 6, 7, 4, 5, 0, 8, 9, 3, 8, 3, 0, 4, 1, 7, 1, 3, 7, 2, 8, 5, 2, 9, 6, 5, 9, 0, 4] (1095s)
t=10 m=30 q0=3.5 restart=0: best F(q0)=1.281e+07 word=[7, 0, 4, 2, 5, 9, 8, 0, 8, 1, 2, 8, 5, 7, 5, 4, 3, 6, 1, 9, 6, 0, 3, 9, 6, 2, 6, 7, 1, 3] (1107s)
t=10 m=30 q0=3.5 restart=1: best F(q0)=1.336e+07 word=[6, 2, 9, 4, 1, 8, 7, 3, 0, 3, 2, 5, 1, 0, 2, 0, 6, 7, 8, 4, 3, 5, 8, 9, 5, 6, 8, 0, 9, 7] (1119s)
t=10 m=30 q0=4.5 restart=0: best F(q0)=2.899e+10 word=[9, 8, 1, 3, 5, 0, 5, 1, 7, 4, 6, 8, 7, 3, 2, 3, 1, 4, 0, 2, 5, 3, 6, 9, 7, 0, 2, 4, 9, 8] (1131s)
t=10 m=30 q0=4.5 restart=1: best F(q0)=2.892e+10 word=[4, 2, 3, 5, 6, 8, 4, 2, 5, 6, 3, 7, 0, 1, 4, 3, 0, 2, 9, 7, 1, 0, 8, 6, 0, 1, 5, 7, 9, 8] (1143s)
done
