{'2C3': [0, 1, 2, 0, 1, 2], '6C3': [0, 1, 2, 0, 1, 2, 0, 1, 2, 0, 1, 2, 0, 1, 2, 0, 1, 2], '8C3': [0, 1, 2, 0, 1, 2, 0, 1, 2, 0, 1, 2, 0, 1, 2, 0, 1, 2, 0, 1, 2, 0, 1, 2], '10C3': [0, 1, 2, 0, 1, 2, 0, 1, 2, 0, 1, 2, 0, 1, 2, 0, 1, 2, 0, 1, 2, 0, 1, 2, 0, 1, 2, 0, 1, 2], '2C4': [0, 1, 2, 3, 0, 1, 2, 3], '2C5': [0, 1, 2, 3, 4, 0, 1, 2, 3, 4], '4C4': [0, 1, 2, 3, 0, 1, 2, 3, 0, 1, 2, 3, 0, 1, 2, 3], 'K2,4': [0, 2, 1, 3, 0, 4, 1, 5], 'K4 doubled?': [3, 2, 1, 3, 2, 0, 1, 3, 0, 2, 1, 0], 'octahedron': [5, 3, 4, 2, 5, 1, 4, 0, 3, 1, 2, 0]}
2C3          q=0.50 signs(x=0.1,1,10,100): ++++   (0s)
2C3          q=0.60 signs(x=0.1,1,10,100): ++++   (0s)
2C3          q=0.65 signs(x=0.1,1,10,100): ++++   (0s)
2C3          q=0.70 signs(x=0.1,1,10,100): ++--   (0s)
2C3          q=0.75 signs(x=0.1,1,10,100): +---   (0s)
6C3          q=0.50 signs(x=0.1,1,10,100): ++++   (0s)
6C3          q=0.60 signs(x=0.1,1,10,100): +++-   (0s)
6C3          q=0.65 signs(x=0.1,1,10,100): ++--   (0s)
6C3          q=0.70 signs(x=0.1,1,10,100): ++--   (0s)
6C3          q=0.75 signs(x=0.1,1,10,100): +---   (0s)
8C3          q=0.50 signs(x=0.1,1,10,100): ++++   (0s)
8C3          q=0.60 signs(x=0.1,1,10,100): ++--   (0s)
8C3          q=0.65 signs(x=0.1,1,10,100): ++--   (0s)
8C3          q=0.70 signs(x=0.1,1,10,100): ++--   (0s)
8C3          q=0.75 signs(x=0.1,1,10,100): +---   (0s)
10C3         q=0.50 signs(x=0.1,1,10,100): ++++   (0s)
10C3         q=0.60 signs(x=0.1,1,10,100): ++--   (0s)
10C3         q=0.65 signs(x=0.1,1,10,100): ++--   (0s)
10C3         q=0.70 signs(x=0.1,1,10,100): +---   (0s)
10C3         q=0.75 signs(x=0.1,1,10,100): +---   (0s)
2C4          q=0.50 signs(x=0.1,1,10,100): ++++   (0s)
2C4          q=0.60 signs(x=0.1,1,10,100): ++++   (0s)
2C4          q=0.65 signs(x=0.1,1,10,100): ++++   (0s)
2C4          q=0.70 signs(x=0.1,1,10,100): ++++   (0s)
2C4          q=0.75 signs(x=0.1,1,10,100): ++++   (0s)
2C5          q=0.50 signs(x=0.1,1,10,100): ++++   (1s)
2C5          q=0.60 signs(x=0.1,1,10,100): ++++   (1s)
2C5          q=0.65 signs(x=0.1,1,10,100): ++--   (1s)
2C5          q=0.70 signs(x=0.1,1,10,100): ++--   (1s)
2C5          q=0.75 signs(x=0.1,1,10,100): +---   (1s)
4C4          q=0.50 signs(x=0.1,1,10,100): ++++   (1s)
4C4          q=0.60 signs(x=0.1,1,10,100): ++++   (1s)
4C4          q=0.65 signs(x=0.1,1,10,100): ++++   (1s)
4C4          q=0.70 signs(x=0.1,1,10,100): ++++   (1s)
4C4          q=0.75 signs(x=0.1,1,10,100): ++++   (1s)
K2,4         q=0.50 signs(x=0.1,1,10,100): ++++   (2s)
K2,4         q=0.60 signs(x=0.1,1,10,100): ++++   (3s)
K2,4         q=0.65 signs(x=0.1,1,10,100): ++++   (4s)
K2,4         q=0.70 signs(x=0.1,1,10,100): ++++   (5s)
K2,4         q=0.75 signs(x=0.1,1,10,100): ++++   (6s)
K4 doubled?  q=0.50 signs(x=0.1,1,10,100): ++++   (6s)
K4 doubled?  q=0.60 signs(x=0.1,1,10,100): ++++   (6s)
K4 doubled?  q=0.65 signs(x=0.1,1,10,100): ++++   (6s)
K4 doubled?  q=0.70 signs(x=0.1,1,10,100): ++++   (6s)
K4 doubled?  q=0.75 signs(x=0.1,1,10,100): ++++   (6s)
octahedron   q=0.50 signs(x=0.1,1,10,100): ++++   (7s)
octahedron   q=0.60 signs(x=0.1,1,10,100): ++++   (8s)
octahedron   q=0.65 signs(x=0.1,1,10,100): ++++   (9s)
octahedron   q=0.70 signs(x=0.1,1,10,100): ++++   (10s)
octahedron   q=0.75 signs(x=0.1,1,10,100): ++++   (11s)
