2C3                      q=0.05  signs over x=[0.05, 0.1, 0.25, 0.5, 1, 2, 4, 10, 50] : +++++++++
2C3                      q=0.10  signs over x=[0.05, 0.1, 0.25, 0.5, 1, 2, 4, 10, 50] : +++++++++
2C3                      q=0.20  signs over x=[0.05, 0.1, 0.25, 0.5, 1, 2, 4, 10, 50] : +++++++++
2C3                      q=0.30  signs over x=[0.05, 0.1, 0.25, 0.5, 1, 2, 4, 10, 50] : +++++++++
2C3                      q=0.40  signs over x=[0.05, 0.1, 0.25, 0.5, 1, 2, 4, 10, 50] : +++++++++
2C3                      q=0.50  signs over x=[0.05, 0.1, 0.25, 0.5, 1, 2, 4, 10, 50] : +++++++++
2C3                      q=0.60  signs over x=[0.05, 0.1, 0.25, 0.5, 1, 2, 4, 10, 50] : +++++++++
2C3                      q=0.70  signs over x=[0.05, 0.1, 0.25, 0.5, 1, 2, 4, 10, 50] : ++++++---
2C3                      q=0.80  signs over x=[0.05, 0.1, 0.25, 0.5, 1, 2, 4, 10, 50] : ---------
2C3                      q=0.85  signs over x=[0.05, 0.1, 0.25, 0.5, 1, 2, 4, 10, 50] : ---------
2C3                      q=0.90  signs over x=[0.05, 0.1, 0.25, 0.5, 1, 2, 4, 10, 50] : ---------
2C3                      q=0.95  signs over x=[0.05, 0.1, 0.25, 0.5, 1, 2, 4, 10, 50] : ---------
2C3                      q=0.98  signs over x=[0.05, 0.1, 0.25, 0.5, 1, 2, 4, 10, 50] : ---------
4C3                      q=0.05  signs over x=[0.05, 0.1, 0.25, 0.5, 1, 2, 4, 10, 50] : +++++++++
4C3                      q=0.10  signs over x=[0.05, 0.1, 0.25, 0.5, 1, 2, 4, 10, 50] : +++++++++
4C3                      q=0.20  signs over x=[0.05, 0.1, 0.25, 0.5, 1, 2, 4, 10, 50] : +++++++++
4C3                      q=0.30  signs over x=[0.05, 0.1, 0.25, 0.5, 1, 2, 4, 10, 50] : +++++++++
4C3                      q=0.40  signs over x=[0.05, 0.1, 0.25, 0.5, 1, 2, 4, 10, 50] : +++++++++
4C3                      q=0.50  signs over x=[0.05, 0.1, 0.25, 0.5, 1, 2, 4, 10, 50] : +++++++++
4C3                      q=0.60  signs over x=[0.05, 0.1, 0.25, 0.5, 1, 2, 4, 10, 50] : +++++++++
4C3                      q=0.70  signs over x=[0.05, 0.1, 0.25, 0.5, 1, 2, 4, 10, 50] : +++++----
4C3                      q=0.80  signs over x=[0.05, 0.1, 0.25, 0.5, 1, 2, 4, 10, 50] : ---------
4C3                      q=0.85  signs over x=[0.05, 0.1, 0.25, 0.5, 1, 2, 4, 10, 50] : ---------
4C3                      q=0.90  signs over x=[0.05, 0.1, 0.25, 0.5, 1, 2, 4, 10, 50] : ---------
4C3                      q=0.95  signs over x=[0.05, 0.1, 0.25, 0.5, 1, 2, 4, 10, 50] : ---------
4C3                      q=0.98  signs over x=[0.05, 0.1, 0.25, 0.5, 1, 2, 4, 10, 50] : ---------
6C3                      q=0.05  signs over x=[0.05, 0.1, 0.25, 0.5, 1, 2, 4, 10, 50] : +++++++++
6C3                      q=0.10  signs over x=[0.05, 0.1, 0.25, 0.5, 1, 2, 4, 10, 50] : +++++++++
6C3                      q=0.20  signs over x=[0.05, 0.1, 0.25, 0.5, 1, 2, 4, 10, 50] : +++++++++
6C3                      q=0.30  signs over x=[0.05, 0.1, 0.25, 0.5, 1, 2, 4, 10, 50] : +++++++++
6C3                      q=0.40  signs over x=[0.05, 0.1, 0.25, 0.5, 1, 2, 4, 10, 50] : +++++++++
6C3                      q=0.50  signs over x=[0.05, 0.1, 0.25, 0.5, 1, 2, 4, 10, 50] : +++++++++
6C3                      q=0.60  signs over x=[0.05, 0.1, 0.25, 0.5, 1, 2, 4, 10, 50] : ++++++++-
6C3                      q=0.70  signs over x=[0.05, 0.1, 0.25, 0.5, 1, 2, 4, 10, 50] : +++++----
6C3                      q=0.80  signs over x=[0.05, 0.1, 0.25, 0.5, 1, 2, 4, 10, 50] : ---------
6C3                      q=0.85  signs over x=[0.05, 0.1, 0.25, 0.5, 1, 2, 4, 10, 50] : ---------
6C3                      q=0.90  signs over x=[0.05, 0.1, 0.25, 0.5, 1, 2, 4, 10, 50] : ---------
6C3                      q=0.95  signs over x=[0.05, 0.1, 0.25, 0.5, 1, 2, 4, 10, 50] : ---------
6C3                      q=0.98  signs over x=[0.05, 0.1, 0.25, 0.5, 1, 2, 4, 10, 50] : ---------
K4_2? (word 0102)        q=0.05  signs over x=[0.05, 0.1, 0.25, 0.5, 1, 2, 4, 10, 50] : +++++++++
K4_2? (word 0102)        q=0.10  signs over x=[0.05, 0.1, 0.25, 0.5, 1, 2, 4, 10, 50] : +++++++++
K4_2? (word 0102)        q=0.20  signs over x=[0.05, 0.1, 0.25, 0.5, 1, 2, 4, 10, 50] : +++++++++
K4_2? (word 0102)        q=0.30  signs over x=[0.05, 0.1, 0.25, 0.5, 1, 2, 4, 10, 50] : +++++++++
K4_2? (word 0102)        q=0.40  signs over x=[0.05, 0.1, 0.25, 0.5, 1, 2, 4, 10, 50] : +++++++++
K4_2? (word 0102)        q=0.50  signs over x=[0.05, 0.1, 0.25, 0.5, 1, 2, 4, 10, 50] : +++++++++
K4_2? (word 0102)        q=0.60  signs over x=[0.05, 0.1, 0.25, 0.5, 1, 2, 4, 10, 50] : +++++++++
K4_2? (word 0102)        q=0.70  signs over x=[0.05, 0.1, 0.25, 0.5, 1, 2, 4, 10, 50] : +++++++++
K4_2? (word 0102)        q=0.80  signs over x=[0.05, 0.1, 0.25, 0.5, 1, 2, 4, 10, 50] : +++++++++
K4_2? (word 0102)        q=0.85  signs over x=[0.05, 0.1, 0.25, 0.5, 1, 2, 4, 10, 50] : +++++++++
K4_2? (word 0102)        q=0.90  signs over x=[0.05, 0.1, 0.25, 0.5, 1, 2, 4, 10, 50] : +++++++++
K4_2? (word 0102)        q=0.95  signs over x=[0.05, 0.1, 0.25, 0.5, 1, 2, 4, 10, 50] : +++++++++
K4_2? (word 0102)        q=0.98  signs over x=[0.05, 0.1, 0.25, 0.5, 1, 2, 4, 10, 50] : +++++++++
C5 doubled? (01234)x2    q=0.05  signs over x=[0.05, 0.1, 0.25, 0.5, 1, 2, 4, 10, 50] : +++++++++
C5 doubled? (01234)x2    q=0.10  signs over x=[0.05, 0.1, 0.25, 0.5, 1, 2, 4, 10, 50] : +++++++++
C5 doubled? (01234)x2    q=0.20  signs over x=[0.05, 0.1, 0.25, 0.5, 1, 2, 4, 10, 50] : +++++++++
C5 doubled? (01234)x2    q=0.30  signs over x=[0.05, 0.1, 0.25, 0.5, 1, 2, 4, 10, 50] : +++++++++
C5 doubled? (01234)x2    q=0.40  signs over x=[0.05, 0.1, 0.25, 0.5, 1, 2, 4, 10, 50] : +++++++++
C5 doubled? (01234)x2    q=0.50  signs over x=[0.05, 0.1, 0.25, 0.5, 1, 2, 4, 10, 50] : +++++++++
C5 doubled? (01234)x2    q=0.60  signs over x=[0.05, 0.1, 0.25, 0.5, 1, 2, 4, 10, 50] : +++++++++
C5 doubled? (01234)x2    q=0.70  signs over x=[0.05, 0.1, 0.25, 0.5, 1, 2, 4, 10, 50] : +++++----
C5 doubled? (01234)x2    q=0.80  signs over x=[0.05, 0.1, 0.25, 0.5, 1, 2, 4, 10, 50] : ---------
C5 doubled? (01234)x2    q=0.85  signs over x=[0.05, 0.1, 0.25, 0.5, 1, 2, 4, 10, 50] : ---------
C5 doubled? (01234)x2    q=0.90  signs over x=[0.05, 0.1, 0.25, 0.5, 1, 2, 4, 10, 50] : ---------
C5 doubled? (01234)x2    q=0.95  signs over x=[0.05, 0.1, 0.25, 0.5, 1, 2, 4, 10, 50] : ---------
C5 doubled? (01234)x2    q=0.98  signs over x=[0.05, 0.1, 0.25, 0.5, 1, 2, 4, 10, 50] : ---------
elapsed 6s
