2C3   q= 1/20  ++++++++++
2C3   q= 1/10  ++++++++++
2C3   q= 3/20  ++++++++++
2C3   q=  1/5  ++++++++++
2C3   q=  1/4  ++++++++++
2C3   q= 3/10  ++++++++++
2C3   q= 7/20  ++++++++++
2C3   q=  2/5  ++++++++++
2C3   q= 9/20  ++++++++++
2C3   q=  1/2  ++++++++++
2C3   q=11/20  ++++++++++
2C3   q=  3/5  ++++++++++
2C3   q=13/20  ++++++++++
2C3   q= 7/10  ++++++----
2C3   q=  3/4  ++++------
2C3   q=  4/5  ----------
2C3   q=17/20  ----------
2C3   q= 9/10  ----------
2C3   q=19/20  ----------
2C3 boundary q0(x) brackets: {'1/100': '0.7873-0.7876', '1/10': '0.7864-0.7866', '1/4': '0.7818-0.7821', '1/2': '0.7704-0.7706', '1': '0.7457-0.7460', '2': '0.7156-0.7158', '4': '0.6950-0.6952', '10': '0.6852-0.6854', '100': '0.6828-0.6830', '1000': '0.6828-0.6830'}
6C3   q= 1/20  ++++++++++
6C3   q= 1/10  ++++++++++
6C3   q= 3/20  ++++++++++
6C3   q=  1/5  ++++++++++
6C3   q=  1/4  ++++++++++
6C3   q= 3/10  ++++++++++
6C3   q= 7/20  ++++++++++
6C3   q=  2/5  ++++++++++
6C3   q= 9/20  ++++++++++
6C3   q=  1/2  ++++++++++
6C3   q=11/20  ++++++++++
6C3   q=  3/5  ++++++++--
6C3   q=13/20  ++++++----
6C3   q= 7/10  +++++-----
6C3   q=  3/4  +++-------
6C3   q=  4/5  ----------
6C3   q=17/20  ----------
6C3   q= 9/10  ----------
6C3   q=19/20  ----------
6C3 boundary q0(x) brackets: {'1/100': '0.7704-0.7706', '1/10': '0.7689-0.7692', '1/4': '0.7625-0.7627', '1/2': '0.7448-0.7450', '1': '0.7065-0.7067', '2': '0.6565-0.6567', '4': '0.6199-0.6201', '10': '0.6012-0.6014', '100': '0.5967-0.5969', '1000': '0.5967-0.5969'}
10C3  q= 1/20  ++++++++++
10C3  q= 1/10  ++++++++++
10C3  q= 3/20  ++++++++++
10C3  q=  1/5  ++++++++++
10C3  q=  1/4  ++++++++++
10C3  q= 3/10  ++++++++++
10C3  q= 7/20  ++++++++++
10C3  q=  2/5  ++++++++++
10C3  q= 9/20  ++++++++++
10C3  q=  1/2  ++++++++++
10C3  q=11/20  ++++++++++
10C3  q=  3/5  +++++++---
10C3  q=13/20  +++++-----
10C3  q= 7/10  ++++------
10C3  q=  3/4  +++-------
10C3  q=  4/5  ----------
10C3  q=17/20  ----------
10C3  q= 9/10  ----------
10C3  q=19/20  ----------
10C3 boundary q0(x) brackets: {'1/100': '0.7675-0.7677', '1/10': '0.7661-0.7663', '1/4': '0.7591-0.7594', '1/2': '0.7400-0.7402', '1': '0.6983-0.6986', '2': '0.6426-0.6428', '4': '0.6012-0.6014', '10': '0.5799-0.5802', '100': '0.5744-0.5746', '1000': '0.5744-0.5746'}
elapsed 216s
