ell=4 L= 6 n=  76 sign=+1  N=4.49861e+56 (1.6s)
ell=4 L= 7 n=  88 sign=+1  N=1.43547e+65 (1.9s)
ell=4 L= 8 n= 100 sign=+1  N=4.34429e+73 (2.2s)
ell=4 L= 9 n= 112 sign=+1  N=1.25139e+82 (2.4s)
ell=4 L=10 n= 124 sign=+1  N=3.43639e+90 (2.7s)
ell=4 L=11 n= 136 sign=+1  N=8.99898e+98 (3.0s)
ell=4 L=12 n= 148 sign=+1  N=2.24542e+107 (3.3s)
ell=4 L=13 n= 160 sign=+1  N=5.32402e+115 (3.6s)
ell=4 L=14 n= 172 sign=+1  N=1.19223e+124 (4.0s)
ell=4 L=15 n= 184 sign=+1  N=2.48893e+132 (4.3s)
ell=4 L=16 n= 196 sign=+1  N=4.70592e+140 (4.6s)
ell=4 L=17 n= 208 sign=+1  N=7.46592e+148 (5.0s)
ell=4 L=18 n= 220 sign=+1  N=7.17295e+156 (5.1s)
ell=4 L=19 n= 232 sign=-1  N=-1.14594e+165 (5.6s)
ell=6 L= 6 n= 112 sign=+1  N=2.93532e+84 (2.9s)
ell=6 L= 7 n= 130 sign=+1  N=1.68245e+97 (3.1s)
ell=6 L= 8 n= 148 sign=+1  N=8.94535e+109 (3.5s)
ell=6 L= 9 n= 166 sign=+1  N=4.45639e+122 (4.2s)
ell=6 L=10 n= 184 sign=+1  N=2.08387e+135 (4.7s)
ell=6 L=11 n= 202 sign=+1  N=9.08429e+147 (5.1s)
ell=6 L=12 n= 220 sign=+1  N=3.62949e+160 (5.8s)
ell=6 L=13 n= 238 sign=+1  N=1.28181e+173 (6.2s)
ell=6 L=14 n= 256 sign=+1  N=3.63683e+185 (7.0s)
ell=6 L=15 n= 274 sign=+1  N=5.12496e+197 (7.6s)
ell=6 L=16 n= 292 sign=-1  N=-3.04027e+210 (7.8s)
ell=8 L= 6 n= 148 sign=+1  N=1.93383e+112 (3.8s)
ell=8 L= 7 n= 172 sign=+1  N=1.98647e+129 (4.5s)
ell=8 L= 8 n= 196 sign=+1  N=1.84713e+146 (5.1s)
ell=8 L= 9 n= 220 sign=+1  N=1.58204e+163 (5.9s)
ell=8 L=10 n= 244 sign=+1  N=1.25665e+180 (7.3s)
ell=8 L=11 n= 268 sign=+1  N=9.16151e+196 (7.5s)
ell=8 L=12 n= 292 sign=+1  N=5.8937e+213 (8.5s)
ell=8 L=13 n= 316 sign=+1  N=2.98541e+230 (9.5s)
ell=8 L=14 n= 340 sign=+1  N=6.22452e+246 (10.1s)
ell=8 L=15 n= 364 sign=-1  N=-1.08065e+264 (11.0s)
smallest negative core: {'ell': 4, 'L': 19, 'core_vertices': 232, 'core_edges': 468, 'sign': -1, 'value': '-15817919473260114837399656941394277825553803175381950423928846565701438001901605205887948204650188894527916752449635889899635028825548973052864427680957964306621502653416296252957134805118356190875091430840234518940632911730670687515083/13803492693581127574869511724554050904902217944340773110325048447598592', 'secs': 5.6}
elapsed 180.00534629821777
