OK   Table 1 has 11 circulant rows (found 11)
OK   Table 1 row C10(1,4) matches data (roots 2.0416726722409613 2.2898825478310454, certificate [20416727/10000000,11449/5000])
OK   Table 1 row C10(1,3) matches data (roots 2.0779349021317612 2.181621357289666, certificate [415587/200000,2727/1250])
OK   Table 1 row C12(2,3) matches data (roots 2.0082964372584517 2.431989271190455, certificate [4016593/2000000,24319/10000])
OK   Table 1 row C14(1,3) matches data (roots 2.0036335956309643 2.4528065820837948, certificate [1252271/625000,1533/625])
OK   Table 1 row C16(2,3) matches data (roots 2.0006060396005294 2.565597318860213, certificate [20006061/10000000,5131/2000])
OK   Table 1 row C18(1,5) matches data (roots 2.000132965462368 2.6353884853727716, certificate [2000133/1000000,26353/10000])
OK   Table 1 row C20(3,4) matches data (roots 2.0000381511931926 2.6576665150730068, certificate [10000191/5000000,1661/625])
OK   Table 1 row C24(2,5) matches data (roots 2.0000030861101896 2.703990087799763, certificate [20000031/10000000,27039/10000])
OK   Table 1 row C24(3,4) matches data (roots 2.000002515289818 2.7102184985987408, certificate [10000013/5000000,13551/5000])
OK   Table 1 row C28(1,5) matches data (roots 2.000000201721064 2.7450788644810213, certificate [20000003/10000000,549/200])
OK   Table 1 row C32(1,5) matches data (roots 2.000000017134273 2.7640992412581955, certificate [20000001/10000000,691/250])
OK   K4b interval K4,6 quoted (2.01252,2.3562) vs data [2.012517644171248, 2.3561984104074303]
OK   K4b interval K4,8 quoted (2.00124,2.45834) vs data [2.0012400822665963, 2.4583410332909863]
OK   K4b interval K4,12 quoted (2.0000151,2.52162) vs data [2.000015057859827, 2.521615853172892]
OK   K4b interval K4,16 quoted (2.0000002,2.53945) vs data [2.00000018584547, 2.539447455762162]
OK   Gamma_* roots quoted match data [2.0231663356188747, 2.2730755356098222]
OK   F'(2)=-47
OK   q_c quoted 2.574743073887 vs computed 2.574743073887022
OK   Table 2 row ell=2 matches exact bisection upper brackets
OK   Table 2 row ell=6 matches exact bisection upper brackets
OK   Table 2 row ell=10 matches exact bisection upper brackets
OK   explicit q=3/2 sizes
OK   L=20 exact minimum k=3740
OK   explicit q=9/10 sizes
OK   smallest negative cores (4,19),(6,16),(8,15)
OK   86 error-bound instances, none violated
OK   convergence sequence at q=21/10 quoted correctly
OK   q<1 convergence values quoted from log
OK   seven finite q<1 certificates
OK   C_n(1,5) upper endpoint sequence [2.6187, 2.6822, 2.7079, 2.7156, 2.7451, 2.7508, 2.7641] vs data [2.6187, 2.6822, 2.7079, 2.7156, 2.7451, 2.7508, 2.7641]
OK   random search: negatives only for t=10 inside (2.04,2.145); none for t<=8

PROBLEMS: none

STDERR:
